 
### Setting up shell environment and defaults for environment vars ...
 
 
### Printing basic job infos to stdout ...
 
START_TIME             = 24-03-07 14:01:01 1709816461
HOSTNAME               = n1424
USER                   = hd_uo452
SLURM_JOB_NAME         = sp_config_START_a007_b026
SLURM_JOB_ID           = 12289884
SLURM_SUBMIT_DIR       = /lustre/work/ws/ws1/hd_uo452-ac_forschi/AC-Forschi
SLURM_JOB_NUM_NODES    = 1
SLURM_CPUS_ON_NODE     = 1
SLURM_NTASKS           = 1
SLURM_JOB_NODELIST     = n1424
---------------- ulimit -a -S ----------------
core file size          (blocks, -c) 0
data seg size           (kbytes, -d) unlimited
scheduling priority             (-e) 0
file size               (blocks, -f) unlimited
pending signals                 (-i) 1535293
max locked memory       (kbytes, -l) unlimited
max memory size         (kbytes, -m) 20480
open files                      (-n) 4096
pipe size            (512 bytes, -p) 8
POSIX message queues     (bytes, -q) 819200
real-time priority              (-r) 0
stack size              (kbytes, -s) 200000
cpu time               (seconds, -t) unlimited
max user processes              (-u) 16384
virtual memory          (kbytes, -v) unlimited
file locks                      (-x) unlimited
---------------- ulimit -a -H ----------------
core file size          (blocks, -c) unlimited
data seg size           (kbytes, -d) unlimited
scheduling priority             (-e) 0
file size               (blocks, -f) unlimited
pending signals                 (-i) 1535293
max locked memory       (kbytes, -l) unlimited
max memory size         (kbytes, -m) 20480
open files                      (-n) 131072
pipe size            (512 bytes, -p) 8
POSIX message queues     (bytes, -q) 819200
real-time priority              (-r) 0
stack size              (kbytes, -s) 200000
cpu time               (seconds, -t) unlimited
max user processes              (-u) 1535293
virtual memory          (kbytes, -v) unlimited
file locks                      (-x) unlimited
----------------------------------------------
 
### Creating TMP_WORK_DIR directory and changing to it ...
 
TMP_BASE_DIR           = /tmp/hd_uo452.12289884
JOB_WORK_DIR           = sp_config_START_a007_b026.12289884.240307_140101
TMP_WORK_DIR           = /tmp/hd_uo452.12289884/sp_config_START_a007_b026.12289884.240307_140101
mkdir: created directory '/tmp/hd_uo452.12289884/sp_config_START_a007_b026.12289884.240307_140101'
 
### Loading software module:
 

Note: the module "chem/orca" cannot be unloaded because it was not loaded.


	 Module chem/orca/5.0.2 has been loaded

	 Activated primary packages:
		 ORCA version 5.0.2

	 Activated secondary packages:
		 OpenMPI version 4.0
		 Intel Compiler version 19.1.2

	 WARNING: This module is provisional! It can be erased/modified/exchanged any
time in near future.


Currently Loaded Modules:
  1) devel/python/3.11.4     3) mpi/openmpi/4.0
  2) compiler/intel/19.1.2   4) chem/orca/5.0.2

 

 
### Display internal Orca environments...
 
ORCA_BIN_DIR  = /opt/bwhpc/common/chem/orca/5.0.2_static
ORCA_EXA_DIR  = /opt/bwhpc/common/chem/orca/5.0.2_static/bwhpc-examples
ORCA_VERSION  = 5.0.2

 
### Copying input files to TMP_WORK_DIR.
 
'/lustre/work/ws/ws1/hd_uo452-ac_forschi/AC-Forschi/script_maker2000/tests/tests_dir/tmp45mvhmwv/example_xyz_output/sp_config/input/START_a007_b026/START_a007_b026.inp' -> '/tmp/hd_uo452.12289884/sp_config_START_a007_b026.12289884.240307_140101/START_a007_b026.inp'
 
### Running application ...
 

### backup function called.
###Checkpointing ... at Thu Mar  7 14:01:05 CET 2024

mkdir: created directory '/lustre/work/ws/ws1/hd_uo452-ac_forschi/AC-Forschi/script_maker2000/tests/tests_dir/tmp45mvhmwv/example_xyz_output/sp_config/output/START_a007_b026/backup_results'
Creating tgz-file '/lustre/work/ws/ws1/hd_uo452-ac_forschi/AC-Forschi/script_maker2000/tests/tests_dir/tmp45mvhmwv/example_xyz_output/sp_config/input/START_a007_b026/backup_results_12289884.tgz' ...
START_a007_b026.E.tmp
START_a007_b026.EIJ.tmp
START_a007_b026.H.tmp
START_a007_b026.K.tmp
START_a007_b026.PDAT.tmp
START_a007_b026.S.tmp
START_a007_b026.SHARK.K.tmp
START_a007_b026.SHARKINP.tmp
START_a007_b026.SM12.tmp
START_a007_b026.SP12.tmp
START_a007_b026.SQRTVEXT.tmp
START_a007_b026.T.tmp
START_a007_b026.V.tmp
START_a007_b026.VEXT.tmp
START_a007_b026.VM1EXT.tmp
START_a007_b026.gbw
START_a007_b026.inp
START_a007_b026.int.tmp
tar: START_a007_b026.mgrid.tmp: Cannot stat: No such file or directory
START_a007_b026.xyz
START_a007_b026_atom50.densities
START_a007_b026_atom50.out
START_a007_b026_atom50_property.txt
START_a007_b026_property.txt
tar: Exiting with failure status due to previous errors

### backup function finished at Thu Mar  7 14:01:05 CET 2024

 
### Cleaning up files ... removing unnecessary scratch files ...
 
 
### Removing orca input file ...
 
removed '/tmp/hd_uo452.12289884/sp_config_START_a007_b026.12289884.240307_140101/START_a007_b026.inp'
 
### Copying back tgz-archive of results to SLURM_OUTPUT_DIR ...
 
Creating result tgz-file 'sp_config_START_a007_b026.tgz' ...
./
./START_a007_b026.diis.tmp
./START_a007_b026.VM1EXT.tmp
./START_a007_b026.SQRTVEXT.tmp
./START_a007_b026.VEXT.tmp
./START_a007_b026_atom50.densities
./START_a007_b026_atom50_property.txt
./START_a007_b026_atom50.out
./START_a007_b026.SM12.tmp
./START_a007_b026.SP12.tmp
./START_a007_b026.E.tmp
./START_a007_b026.V.tmp
./START_a007_b026.T.tmp
./START_a007_b026.H.tmp
./START_a007_b026.S.tmp
./START_a007_b026.K.tmp
./START_a007_b026.SHARK.K.tmp
./START_a007_b026.PDAT.tmp
./START_a007_b026.EIJ.tmp
./START_a007_b026.int.tmp
./START_a007_b026.gbw
./START_a007_b026.xyz
./START_a007_b026_property.txt
./START_a007_b026.SHARKINP.tmp
tar: .: file changed as we read it
'sp_config_START_a007_b026.tgz' -> '/lustre/work/ws/ws1/hd_uo452-ac_forschi/AC-Forschi/script_maker2000/tests/tests_dir/tmp45mvhmwv/example_xyz_output/sp_config/output/START_a007_b026/sp_config_START_a007_b026.tgz'
./
./START_a007_b026.diis.tmp
./START_a007_b026.VM1EXT.tmp
./START_a007_b026.SQRTVEXT.tmp
./START_a007_b026.VEXT.tmp
./START_a007_b026_atom50.densities
./START_a007_b026_atom50_property.txt
./START_a007_b026_atom50.out
./START_a007_b026.SM12.tmp
./START_a007_b026.SP12.tmp
./START_a007_b026.E.tmp
./START_a007_b026.V.tmp
./START_a007_b026.T.tmp
./START_a007_b026.H.tmp
./START_a007_b026.S.tmp
./START_a007_b026.K.tmp
./START_a007_b026.SHARK.K.tmp
./START_a007_b026.PDAT.tmp
./START_a007_b026.EIJ.tmp
./START_a007_b026.int.tmp
./START_a007_b026.gbw
./START_a007_b026.xyz
./START_a007_b026_property.txt
./START_a007_b026.SHARKINP.tmp
 
Remove tgz file from SLURM_OUTPUT_DIR ...
 
removed 'sp_config_START_a007_b026.tgz'
 
### Final cleanup: Remove TMP_WORK_DIR ...
 
removed '/tmp/hd_uo452.12289884/sp_config_START_a007_b026.12289884.240307_140101/sp_config_START_a007_b026.tgz'
removed '/tmp/hd_uo452.12289884/sp_config_START_a007_b026.12289884.240307_140101/START_a007_b026.diis.tmp'
removed '/tmp/hd_uo452.12289884/sp_config_START_a007_b026.12289884.240307_140101/START_a007_b026.VM1EXT.tmp'
removed '/tmp/hd_uo452.12289884/sp_config_START_a007_b026.12289884.240307_140101/START_a007_b026.SQRTVEXT.tmp'
removed '/tmp/hd_uo452.12289884/sp_config_START_a007_b026.12289884.240307_140101/START_a007_b026.VEXT.tmp'
removed '/tmp/hd_uo452.12289884/sp_config_START_a007_b026.12289884.240307_140101/START_a007_b026_atom50.densities'
removed '/tmp/hd_uo452.12289884/sp_config_START_a007_b026.12289884.240307_140101/START_a007_b026_atom50_property.txt'
removed '/tmp/hd_uo452.12289884/sp_config_START_a007_b026.12289884.240307_140101/START_a007_b026_atom50.out'
removed '/tmp/hd_uo452.12289884/sp_config_START_a007_b026.12289884.240307_140101/START_a007_b026.SM12.tmp'
removed '/tmp/hd_uo452.12289884/sp_config_START_a007_b026.12289884.240307_140101/START_a007_b026.SP12.tmp'
removed '/tmp/hd_uo452.12289884/sp_config_START_a007_b026.12289884.240307_140101/START_a007_b026.E.tmp'
removed '/tmp/hd_uo452.12289884/sp_config_START_a007_b026.12289884.240307_140101/START_a007_b026.V.tmp'
removed '/tmp/hd_uo452.12289884/sp_config_START_a007_b026.12289884.240307_140101/START_a007_b026.T.tmp'
removed '/tmp/hd_uo452.12289884/sp_config_START_a007_b026.12289884.240307_140101/START_a007_b026.H.tmp'
removed '/tmp/hd_uo452.12289884/sp_config_START_a007_b026.12289884.240307_140101/START_a007_b026.S.tmp'
removed '/tmp/hd_uo452.12289884/sp_config_START_a007_b026.12289884.240307_140101/START_a007_b026.K.tmp'
removed '/tmp/hd_uo452.12289884/sp_config_START_a007_b026.12289884.240307_140101/START_a007_b026.SHARK.K.tmp'
removed '/tmp/hd_uo452.12289884/sp_config_START_a007_b026.12289884.240307_140101/START_a007_b026.PDAT.tmp'
removed '/tmp/hd_uo452.12289884/sp_config_START_a007_b026.12289884.240307_140101/START_a007_b026.EIJ.tmp'
removed '/tmp/hd_uo452.12289884/sp_config_START_a007_b026.12289884.240307_140101/START_a007_b026.int.tmp'
removed '/tmp/hd_uo452.12289884/sp_config_START_a007_b026.12289884.240307_140101/START_a007_b026.gbw'
removed '/tmp/hd_uo452.12289884/sp_config_START_a007_b026.12289884.240307_140101/START_a007_b026.xyz'
removed '/tmp/hd_uo452.12289884/sp_config_START_a007_b026.12289884.240307_140101/START_a007_b026_property.txt'
removed '/tmp/hd_uo452.12289884/sp_config_START_a007_b026.12289884.240307_140101/START_a007_b026.SHARKINP.tmp'
removed directory '/tmp/hd_uo452.12289884/sp_config_START_a007_b026.12289884.240307_140101'
END_TIME               = 24-03-07 14:01:17 1709816477
 
### Exiting with exit code...
 
Orca exit-coode: 

======================== JOB EFFICIENCY REPORT ========================
Job ID: 12289884
Cluster: justus2
User/Group: hd_uo452/hd_hd
State: RUNNING
Cores: 1
CPU Utilized: 00:00:00
CPU Efficiency: 0.00% of 00:00:18 core-walltime
Job Wall-clock time: 00:00:18
Memory Utilized: 0.00 MB (estimated maximum)
Memory Efficiency: 0.00% of 20.00 MB (20.00 MB/core)
WARNING: Efficiency statistics may be misleading for RUNNING jobs.
