
                                 *****************
                                 * O   R   C   A *
                                 *****************

                                            #,                                       
                                            ###                                      
                                            ####                                     
                                            #####                                    
                                            ######                                   
                                           ########,                                 
                                     ,,################,,,,,                         
                               ,,#################################,,                 
                          ,,##########################################,,             
                       ,#########################################, ''#####,          
                    ,#############################################,,   '####,        
                  ,##################################################,,,,####,       
                ,###########''''           ''''###############################       
              ,#####''   ,,,,##########,,,,          '''####'''          '####       
            ,##' ,,,,###########################,,,                        '##       
           ' ,,###''''                  '''############,,,                           
         ,,##''                                '''############,,,,        ,,,,,,###''
      ,#''                                            '''#######################'''  
     '                                                          ''''####''''         
             ,#######,   #######,   ,#######,      ##                                
            ,#'     '#,  ##    ##  ,#'     '#,    #''#        ######   ,####,        
            ##       ##  ##   ,#'  ##            #'  '#       #        #'  '#        
            ##       ##  #######   ##           ,######,      #####,   #    #        
            '#,     ,#'  ##    ##  '#,     ,#' ,#      #,         ##   #,  ,#        
             '#######'   ##     ##  '#######'  #'      '#     #####' # '####'        



                  #######################################################
                  #                        -***-                        #
                  #          Department of theory and spectroscopy      #
                  #    Directorship and core code : Frank Neese         #
                  #        Max Planck Institute fuer Kohlenforschung    #
                  #                Kaiser Wilhelm Platz 1               #
                  #                 D-45470 Muelheim/Ruhr               #
                  #                      Germany                        #
                  #                                                     #
                  #                  All rights reserved                #
                  #                        -***-                        #
                  #######################################################


                         Program Version 5.0.2 -  RELEASE  -


 With contributions from (in alphabetic order):
   Daniel Aravena         : Magnetic Suceptibility
   Michael Atanasov       : Ab Initio Ligand Field Theory (pilot matlab implementation)
   Alexander A. Auer      : GIAO ZORA, VPT2 properties, NMR spectrum
   Ute Becker             : Parallelization
   Giovanni Bistoni       : ED, misc. LED, open-shell LED, HFLD
   Martin Brehm           : Molecular dynamics
   Dmytro Bykov           : SCF Hessian
   Vijay G. Chilkuri      : MRCI spin determinant printing, contributions to CSF-ICE
   Dipayan Datta          : RHF DLPNO-CCSD density
   Achintya Kumar Dutta   : EOM-CC, STEOM-CC
   Dmitry Ganyushin       : Spin-Orbit,Spin-Spin,Magnetic field MRCI
   Miquel Garcia          : C-PCM and meta-GGA Hessian, CC/C-PCM, Gaussian charge scheme
   Yang Guo               : DLPNO-NEVPT2, F12-NEVPT2, CIM, IAO-localization
   Andreas Hansen         : Spin unrestricted coupled pair/coupled cluster methods
   Benjamin Helmich-Paris : MC-RPA, TRAH-SCF, COSX integrals
   Lee Huntington         : MR-EOM, pCC
   Robert Izsak           : Overlap fitted RIJCOSX, COSX-SCS-MP3, EOM
   Marcus Kettner         : VPT2
   Christian Kollmar      : KDIIS, OOCD, Brueckner-CCSD(T), CCSD density, CASPT2, CASPT2-K
   Simone Kossmann        : Meta GGA functionals, TD-DFT gradient, OOMP2, MP2 Hessian
   Martin Krupicka        : Initial AUTO-CI
   Lucas Lang             : DCDCAS
   Marvin Lechner         : AUTO-CI (C++ implementation), FIC-MRCC
   Dagmar Lenk            : GEPOL surface, SMD
   Dimitrios Liakos       : Extrapolation schemes; Compound Job, initial MDCI parallelization
   Dimitrios Manganas     : Further ROCIS development; embedding schemes
   Dimitrios Pantazis     : SARC Basis sets
   Anastasios Papadopoulos: AUTO-CI, single reference methods and gradients
   Taras Petrenko         : DFT Hessian,TD-DFT gradient, ASA, ECA, R-Raman, ABS, FL, XAS/XES, NRVS
   Peter Pinski           : DLPNO-MP2, DLPNO-MP2 Gradient
   Christoph Reimann      : Effective Core Potentials
   Marius Retegan         : Local ZFS, SOC
   Christoph Riplinger    : Optimizer, TS searches, QM/MM, DLPNO-CCSD(T), (RO)-DLPNO pert. Triples
   Tobias Risthaus        : Range-separated hybrids, TD-DFT gradient, RPA, STAB
   Michael Roemelt        : Original ROCIS implementation
   Masaaki Saitow         : Open-shell DLPNO-CCSD energy and density
   Barbara Sandhoefer     : DKH picture change effects
   Avijit Sen             : IP-ROCIS
   Kantharuban Sivalingam : CASSCF convergence, NEVPT2, FIC-MRCI
   Bernardo de Souza      : ESD, SOC TD-DFT
   Georgi Stoychev        : AutoAux, RI-MP2 NMR, DLPNO-MP2 response
   Willem Van den Heuvel  : Paramagnetic NMR
   Boris Wezisla          : Elementary symmetry handling
   Frank Wennmohs         : Technical directorship


 We gratefully acknowledge several colleagues who have allowed us to
 interface, adapt or use parts of their codes:
   Stefan Grimme, W. Hujo, H. Kruse, P. Pracht,  : VdW corrections, initial TS optimization,
                  C. Bannwarth, S. Ehlert          DFT functionals, gCP, sTDA/sTD-DF
   Ed Valeev, F. Pavosevic, A. Kumar             : LibInt (2-el integral package), F12 methods
   Garnet Chan, S. Sharma, J. Yang, R. Olivares  : DMRG
   Ulf Ekstrom                                   : XCFun DFT Library
   Mihaly Kallay                                 : mrcc  (arbitrary order and MRCC methods)
   Jiri Pittner, Ondrej Demel                    : Mk-CCSD
   Frank Weinhold                                : gennbo (NPA and NBO analysis)
   Christopher J. Cramer and Donald G. Truhlar   : smd solvation model
   Lars Goerigk                                  : TD-DFT with DH, B97 family of functionals
   V. Asgeirsson, H. Jonsson                     : NEB implementation
   FAccTs GmbH                                   : IRC, NEB, NEB-TS, DLPNO-Multilevel, CI-OPT
                                                   MM, QMMM, 2- and 3-layer-ONIOM, Crystal-QMMM,
                                                   LR-CPCM, SF, NACMEs, symmetry and pop. for TD-DFT,
                                                   nearIR, NL-DFT gradient (VV10), updates on ESD,
                                                   ML-optimized integration grids
   S Lehtola, MJT Oliveira, MAL Marques          : LibXC Library
   Liviu Ungur et al                             : ANISO software


 Your calculation uses the libint2 library for the computation of 2-el integrals
 For citations please refer to: http://libint.valeyev.net

 Your ORCA version has been built with support for libXC version: 5.1.0
 For citations please refer to: https://tddft.org/programs/libxc/

 This ORCA versions uses:
   CBLAS   interface :  Fast vector & matrix operations
   LAPACKE interface :  Fast linear algebra routines
   SCALAPACK package :  Parallel linear algebra routines
   Shared memory     :  Shared parallel matrices
   BLAS/LAPACK       :  OpenBLAS 0.3.15  USE64BITINT DYNAMIC_ARCH NO_AFFINITY SkylakeX SINGLE_THREADED
        Core in use  :  SkylakeX
   Copyright (c) 2011-2014, The OpenBLAS Project


================================================================================

----- Orbital basis set information -----
Your calculation utilizes the basis: def2-SVP
   F. Weigend and R. Ahlrichs, Phys. Chem. Chem. Phys. 7, 3297 (2005).

================================================================================
                                        WARNINGS
                       Please study these warnings very carefully!
================================================================================


INFO   : the flag for use of the SHARK integral package has been found!

================================================================================
                                       INPUT FILE
================================================================================
NAME = START_a002_b006.inp
|  1> !HF  DEF2-SVP 
|  2> %maxcore 20
|  3> %pal nprocs = 1  end
|  4> %scf
|  5> MAXITER 10
|  6> end
|  7> %output XYZFILE 1 end
|  8> * xyz 0 1
|  9> C -3.152174 -3.127095 -4.515078
| 10> C -2.560393 -2.328828 -3.389926
| 11> C -1.98681 -2.953377 -2.285941
| 12> C -1.485174 -2.210837 -1.228792
| 13> C -1.499905 -0.810134 -1.223989
| 14> B -0.9009 0.008033 0.040051
| 15> C -1.327999 -0.726576 1.416194
| 16> C -2.701351 -0.901377 1.638967
| 17> C -3.194316 -1.514448 2.77478
| 18> C -2.335402 -2.006041 3.757367
| 19> C -0.973887 -1.860614 3.544366
| 20> C -0.485361 -1.235714 2.399631
| 21> C -2.878414 -2.669102 4.989419
| 22> C -1.219718 1.598451 0.015984
| 23> C -1.999207 2.237843 0.978917
| 24> C -2.254912 3.602781 0.933057
| 25> C -1.735566 4.400461 -0.078484
| 26> C -0.939591 3.782053 -1.038767
| 27> C -0.69258 2.420079 -0.987979
| 28> C -2.0407 5.868325 -0.151888
| 29> C -2.08459 -0.202255 -2.335306
| 30> C -2.603503 -0.939997 -3.391435
| 31> F 5.579195 0.77567 0.739623
| 32> C 5.018095 0.161639 -0.299552
| 33> C 3.52136 0.07149 -0.166553
| 34> C 2.805909 -0.731091 -1.039817
| 35> C 1.427952 -0.759456 -0.949912
| 36> N 0.762679 -0.035902 -0.052182
| 37> C 1.447552 0.730506 0.799002
| 38> C 2.825435 0.806921 0.779206
| 39> F 5.343126 0.843664 -1.399164
| 40> F 5.563675 -1.050432 -0.40231
| 41> H -3.068118 -2.604557 -5.46795
| 42> H -2.664093 -4.09567 -4.622998
| 43> H -4.213806 -3.318417 -4.344855
| 44> H -1.947448 -4.036428 -2.244839
| 45> H -1.081822 -2.740031 -0.371279
| 46> H -3.404095 -0.554415 0.889371
| 47> H -4.266365 -1.623176 2.898858
| 48> H -0.2748 -2.244655 4.278891
| 49> H 0.592925 -1.174891 2.294985
| 50> H -2.081712 -3.071891 5.614052
| 51> H -3.548 -3.493071 4.737767
| 52> H -3.449879 -1.967655 5.600187
| 53> H -2.41751 1.66267 1.79565
| 54> H -2.867923 4.05371 1.705674
| 55> H -0.508112 4.374518 -1.83825
| 56> H -0.066176 1.988 -1.762917
| 57> H -2.250868 6.285638 0.832679
| 58> H -1.211966 6.431736 -0.581022
| 59> H -2.916398 6.057319 -0.776411
| 60> H -2.158517 0.876993 -2.378711
| 61> H -3.055316 -0.421823 -4.230248
| 62> H 3.292503 -1.330409 -1.796257
| 63> H 0.829808 -1.361905 -1.6179
| 64> H 0.860023 1.307419 1.498888
| 65> H 3.324611 1.447208 1.491192
| 66> *
| 67> 
| 68>                          ****END OF INPUT****
================================================================================

                       ****************************
                       * Single Point Calculation *
                       ****************************

---------------------------------
CARTESIAN COORDINATES (ANGSTROEM)
---------------------------------
  C     -3.152174   -3.127095   -4.515078
  C     -2.560393   -2.328828   -3.389926
  C     -1.986810   -2.953377   -2.285941
  C     -1.485174   -2.210837   -1.228792
  C     -1.499905   -0.810134   -1.223989
  B     -0.900900    0.008033    0.040051
  C     -1.327999   -0.726576    1.416194
  C     -2.701351   -0.901377    1.638967
  C     -3.194316   -1.514448    2.774780
  C     -2.335402   -2.006041    3.757367
  C     -0.973887   -1.860614    3.544366
  C     -0.485361   -1.235714    2.399631
  C     -2.878414   -2.669102    4.989419
  C     -1.219718    1.598451    0.015984
  C     -1.999207    2.237843    0.978917
  C     -2.254912    3.602781    0.933057
  C     -1.735566    4.400461   -0.078484
  C     -0.939591    3.782053   -1.038767
  C     -0.692580    2.420079   -0.987979
  C     -2.040700    5.868325   -0.151888
  C     -2.084590   -0.202255   -2.335306
  C     -2.603503   -0.939997   -3.391435
  F      5.579195    0.775670    0.739623
  C      5.018095    0.161639   -0.299552
  C      3.521360    0.071490   -0.166553
  C      2.805909   -0.731091   -1.039817
  C      1.427952   -0.759456   -0.949912
  N      0.762679   -0.035902   -0.052182
  C      1.447552    0.730506    0.799002
  C      2.825435    0.806921    0.779206
  F      5.343126    0.843664   -1.399164
  F      5.563675   -1.050432   -0.402310
  H     -3.068118   -2.604557   -5.467950
  H     -2.664093   -4.095670   -4.622998
  H     -4.213806   -3.318417   -4.344855
  H     -1.947448   -4.036428   -2.244839
  H     -1.081822   -2.740031   -0.371279
  H     -3.404095   -0.554415    0.889371
  H     -4.266365   -1.623176    2.898858
  H     -0.274800   -2.244655    4.278891
  H      0.592925   -1.174891    2.294985
  H     -2.081712   -3.071891    5.614052
  H     -3.548000   -3.493071    4.737767
  H     -3.449879   -1.967655    5.600187
  H     -2.417510    1.662670    1.795650
  H     -2.867923    4.053710    1.705674
  H     -0.508112    4.374518   -1.838250
  H     -0.066176    1.988000   -1.762917
  H     -2.250868    6.285638    0.832679
  H     -1.211966    6.431736   -0.581022
  H     -2.916398    6.057319   -0.776411
  H     -2.158517    0.876993   -2.378711
  H     -3.055316   -0.421823   -4.230248
  H      3.292503   -1.330409   -1.796257
  H      0.829808   -1.361905   -1.617900
  H      0.860023    1.307419    1.498888
  H      3.324611    1.447208    1.491192

----------------------------
CARTESIAN COORDINATES (A.U.)
----------------------------
  NO LB      ZA    FRAG     MASS         X           Y           Z
   0 C     6.0000    0    12.011   -5.956746   -5.909353   -8.532261
   1 C     6.0000    0    12.011   -4.838442   -4.400847   -6.406032
   2 C     6.0000    0    12.011   -3.754527   -5.581074   -4.319802
   3 C     6.0000    0    12.011   -2.806572   -4.177876   -2.322080
   4 C     6.0000    0    12.011   -2.834410   -1.530931   -2.313004
   5 B     5.0000    0    10.810   -1.702454    0.015180    0.075685
   6 C     6.0000    0    12.011   -2.509554   -1.373030    2.676219
   7 C     6.0000    0    12.011   -5.104814   -1.703356    3.097199
   8 C     6.0000    0    12.011   -6.036382   -2.861892    5.243574
   9 C     6.0000    0    12.011   -4.413270   -3.790868    7.100395
  10 C     6.0000    0    12.011   -1.840380   -3.516051    6.697881
  11 C     6.0000    0    12.011   -0.917199   -2.335161    4.534645
  12 C     6.0000    0    12.011   -5.439414   -5.043872    9.428635
  13 C     6.0000    0    12.011   -2.304933    3.020635    0.030205
  14 C     6.0000    0    12.011   -3.777954    4.228910    1.849885
  15 C     6.0000    0    12.011   -4.261166    6.808269    1.763222
  16 C     6.0000    0    12.011   -3.279744    8.315666   -0.148313
  17 C     6.0000    0    12.011   -1.775570    7.147044   -1.962985
  18 C     6.0000    0    12.011   -1.308787    4.573287   -1.867010
  19 C     6.0000    0    12.011   -3.856364   11.089527   -0.287027
  20 C     6.0000    0    12.011   -3.939304   -0.382207   -4.413089
  21 C     6.0000    0    12.011   -4.919908   -1.776337   -6.408883
  22 F     9.0000    0    18.998   10.543151    1.465804    1.397685
  23 C     6.0000    0    12.011    9.482825    0.305453   -0.566071
  24 C     6.0000    0    12.011    6.654406    0.135097   -0.314740
  25 C     6.0000    0    12.011    5.302400   -1.381562   -1.964969
  26 C     6.0000    0    12.011    2.698438   -1.435164   -1.795074
  27 N     7.0000    0    14.007    1.441254   -0.067845   -0.098610
  28 C     6.0000    0    12.011    2.735477    1.380456    1.509895
  29 C     6.0000    0    12.011    5.339298    1.524860    1.472486
  30 F     9.0000    0    18.998   10.097045    1.594294   -2.644037
  31 F     9.0000    0    18.998   10.513822   -1.985029   -0.760256
  32 H     1.0000    0     1.008   -5.797903   -4.921899  -10.332928
  33 H     1.0000    0     1.008   -5.034406   -7.739695   -8.736200
  34 H     1.0000    0     1.008   -7.962939   -6.270899   -8.210586
  35 H     1.0000    0     1.008   -3.680143   -7.627743   -4.242131
  36 H     1.0000    0     1.008   -2.044347   -5.177908   -0.701616
  37 H     1.0000    0     1.008   -6.432807   -1.047693    1.680668
  38 H     1.0000    0     1.008   -8.062261   -3.067358    5.478048
  39 H     1.0000    0     1.008   -0.519297   -4.241783    8.085932
  40 H     1.0000    0     1.008    1.120466   -2.220222    4.336893
  41 H     1.0000    0     1.008   -3.933866   -5.805033   10.609021
  42 H     1.0000    0     1.008   -6.704748   -6.600948    8.953082
  43 H     1.0000    0     1.008   -6.519327   -3.718329   10.582820
  44 H     1.0000    0     1.008   -4.568432    3.141991    3.393287
  45 H     1.0000    0     1.008   -5.419589    7.660402    3.223257
  46 H     1.0000    0     1.008   -0.960193    8.266641   -3.473789
  47 H     1.0000    0     1.008   -0.125055    3.756776   -3.331430
  48 H     1.0000    0     1.008   -4.253524   11.878134    1.573535
  49 H     1.0000    0     1.008   -2.290284   12.154220   -1.097972
  50 H     1.0000    0     1.008   -5.511194   11.446674   -1.467204
  51 H     1.0000    0     1.008   -4.079006    1.657277   -4.495112
  52 H     1.0000    0     1.008   -5.773710   -0.797130   -7.994010
  53 H     1.0000    0     1.008    6.221929   -2.514109   -3.394434
  54 H     1.0000    0     1.008    1.568110   -2.573627   -3.057388
  55 H     1.0000    0     1.008    1.625208    2.470664    2.832488
  56 H     1.0000    0     1.008    6.282604    2.734827    2.817944

--------------------------------
INTERNAL COORDINATES (ANGSTROEM)
--------------------------------
 C      0   0   0     0.000000000000     0.00000000     0.00000000
 C      1   0   0     1.501133564462     0.00000000     0.00000000
 C      2   1   0     1.392063860430   121.21673839     0.00000000
 C      3   2   1     1.385845711577   120.91168059   182.32158599
 C      4   3   2     1.400788694050   122.31536378   358.58826693
 B      5   4   3     1.620494168923   120.24136438   179.93909263
 C      6   5   4     1.617353855880   109.67992393   319.45015687
 C      7   6   5     1.402240676572   116.77116921   302.58443302
 C      8   7   6     1.381644568344   122.36842895   179.96795492
 C      9   8   7     1.394587447819   121.05601262   359.31337276
 C     10   9   8     1.385727799229   117.37651755   359.67780590
 C      7   6   5     1.391549005625   127.41605343   121.05206822
 C     10   9   8     1.500821126107   120.75012542   179.91332538
 C      6   5   4     1.622237205940   114.25296243   190.09802907
 C     14   6   5     1.394153934569   123.31649624   116.33796020
 C     15  14   6     1.389440150013   122.04836861   179.95882324
 C     16  15  14     1.388966826385   121.29169065   359.65006115
 C     17  16  15     1.392173873903   117.45273473   359.47682641
 C     18  17  16     1.385123471659   120.89380020     0.70460568
 C     17  16  15     1.501039515692   121.41342322   178.30449929
 C      5   4   3     1.395134008744   115.93575210     1.66320068
 C     21   5   4     1.388863717135   122.06412004   359.11184427
 F      6   5   4     6.562796565183   120.47683337    78.49518278
 C     23   6   5     1.331071733449    56.39897044     2.72260100
 C     24  23   6     1.505334260697   112.19630906   357.21597800
 C     25  24  23     1.385134076058   119.50953061   190.93835988
 C     26  25  24     1.381178111649   119.08967347   182.97297264
 N     27  26  25     1.331179066972   122.09549062     0.21544686
 C     28  27  26     1.334521056578   119.06587116   359.22816790
 C     29  28  27     1.380142273655   122.34433182     0.33996969
 F     24  23   6     1.334147593833   107.75466898   118.72600542
 F     24  23   6     1.333166475728   107.88273373   234.57564108
 H      1   2   3     1.089989183875   111.71023088   210.46096020
 H      1   2   3     1.089957485219   111.73021465   331.25778176
 H      1   2   3     1.092081718937   111.07334389    90.86041192
 H      3   2   1     1.084545162752   119.54065941     1.25551843
 H      4   3   2     1.085388258048   118.42089309   177.65179231
 H      8   7   6     1.084493394261   119.00929549     0.70187849
 H      9   8   7     1.084668698944   119.41705438   179.90564773
 H     11  10   9     1.084314114487   119.48313066   180.96756119
 H     12   7   6     1.085058026301   120.87006152   359.48524998
 H     13  10   9     1.089559287058   111.67786353   175.11143533
 H     13  10   9     1.091145752620   111.48867540    54.74788953
 H     13  10   9     1.091621587299   111.39699573   295.24385846
 H     15  14   6     1.082983920946   119.55568651     0.37335272
 H     16  15  14     1.084461376837   119.27424515   179.96965993
 H     18  17  16     1.084602217845   119.55468528   180.62259113
 H     19  18  17     1.086095362895   117.89607948   179.90063261
 H     20  17  16     1.089813243488   111.68363043    27.61280993
 H     20  17  16     1.090132096414   111.72290492   148.34095314
 H     20  17  16     1.092059841203   111.11309266   267.96325196
 H     21   5   4     1.082647422228   119.66302693   177.93989831
 H     22  21   5     1.084548998531   119.33993498   179.52305918
 H     26  25  24     1.080813239908   122.00505470     2.43720245
 H     27  26  25     1.080244884497   121.57552987   179.27484238
 H     29  28  27     1.080675413066   116.14542007   179.23513815
 H     30  29  28     1.079846371268   119.00471319   179.80591177

---------------------------
INTERNAL COORDINATES (A.U.)
---------------------------
 C      0   0   0     0.000000000000     0.00000000     0.00000000
 C      1   0   0     2.836731327270     0.00000000     0.00000000
 C      2   1   0     2.630619457142   121.21673839     0.00000000
 C      3   2   1     2.618868858750   120.91168059   182.32158599
 C      4   3   2     2.647107003248   122.31536378   358.58826693
 B      5   4   3     3.062290180881   120.24136438   179.93909263
 C      6   5   4     3.056355849255   109.67992393   319.45015687
 C      7   6   5     2.649850852566   116.77116921   302.58443302
 C      8   7   6     2.610929848590   122.36842895   179.96795492
 C      9   8   7     2.635388346182   121.05601262   359.31337276
 C     10   9   8     2.618646036704   117.37651755   359.67780590
 C      7   6   5     2.629646522562   127.41605343   121.05206822
 C     10   9   8     2.836140904345   120.75012542   179.91332538
 C      6   5   4     3.065584043485   114.25296243   190.09802907
 C     14   6   5     2.634569124864   123.31649624   116.33796020
 C     15  14   6     2.625661363000   122.04836861   179.95882324
 C     16  15  14     2.624766910969   121.29169065   359.65006115
 C     17  16  15     2.630827352477   117.45273473   359.47682641
 C     18  17  16     2.617504023102   120.89380020     0.70460568
 C     17  16  15     2.836553600851   121.41342322   178.30449929
 C      5   4   3     2.636421196646   115.93575210     1.66320068
 C     21   5   4     2.624572062725   122.06412004   359.11184427
 F      6   5   4    12.401888180835   120.47683337    78.49518278
 C     23   6   5     2.515361040822    56.39897044     2.72260100
 C     24  23   6     2.844669492725   112.19630906   357.21597800
 C     25  24  23     2.617524062512   119.50953061   190.93835988
 C     26  25  24     2.610048373184   119.08967347   182.97297264
 N     27  26  25     2.515563871786   122.09549062     0.21544686
 C     28  27  26     2.521879316883   119.06587116   359.22816790
 C     29  28  27     2.608090923056   122.34433182     0.33996969
 F     24  23   6     2.521173574574   107.75466898   118.72600542
 F     24  23   6     2.519319530051   107.88273373   234.57564108
 H      1   2   3     2.059781046460   111.71023088   210.46096020
 H      1   2   3     2.059721144682   111.73021465   331.25778176
 H      1   2   3     2.063735364653   111.07334389    90.86041192
 H      3   2   1     2.049493337471   119.54065941     1.25551843
 H      4   3   2     2.051086556685   118.42089309   177.65179231
 H      8   7   6     2.049395509200   119.00929549     0.70187849
 H      9   8   7     2.049726787041   119.41705438   179.90564773
 H     11  10   9     2.049056719525   119.48313066   180.96756119
 H     12   7   6     2.050462509123   120.87006152   359.48524998
 H     13  10   9     2.058968659210   111.67786353   175.11143533
 H     13  10   9     2.061966644643   111.48867540    54.74788953
 H     13  10   9     2.062865841872   111.39699573   295.24385846
 H     15  14   6     2.046543018028   119.55568651     0.37335272
 H     16  15  14     2.049335005037   119.27424515   179.96965993
 H     18  17  16     2.049601155971   119.55468528   180.62259113
 H     19  18  17     2.052422791192   117.89607948   179.90063261
 H     20  17  16     2.059448567313   111.68363043    27.61280993
 H     20  17  16     2.060051112021   111.72290492   148.34095314
 H     20  17  16     2.063694021728   111.11309266   267.96325196
 H     21   5   4     2.045907127608   119.66302693   177.93989831
 H     22  21   5     2.049500586042   119.33993498   179.52305918
 H     26  25  24     2.042441025342   122.00505470     2.43720245
 H     27  26  25     2.041366989268   121.57552987   179.27484238
 H     29  28  27     2.042180570358   116.14542007   179.23513815
 H     30  29  28     2.040613908405   119.00471319   179.80591177

---------------------
BASIS SET INFORMATION
---------------------
There are 5 groups of distinct atoms

 Group   1 Type C   : 7s4p1d contracted to 3s2p1d pattern {511/31/1}
 Group   2 Type B   : 7s4p1d contracted to 3s2p1d pattern {511/31/1}
 Group   3 Type F   : 7s4p1d contracted to 3s2p1d pattern {511/31/1}
 Group   4 Type N   : 7s4p1d contracted to 3s2p1d pattern {511/31/1}
 Group   5 Type H   : 4s1p contracted to 2s1p pattern {31/1}

Atom   0C    basis set group =>   1
Atom   1C    basis set group =>   1
Atom   2C    basis set group =>   1
Atom   3C    basis set group =>   1
Atom   4C    basis set group =>   1
Atom   5B    basis set group =>   2
Atom   6C    basis set group =>   1
Atom   7C    basis set group =>   1
Atom   8C    basis set group =>   1
Atom   9C    basis set group =>   1
Atom  10C    basis set group =>   1
Atom  11C    basis set group =>   1
Atom  12C    basis set group =>   1
Atom  13C    basis set group =>   1
Atom  14C    basis set group =>   1
Atom  15C    basis set group =>   1
Atom  16C    basis set group =>   1
Atom  17C    basis set group =>   1
Atom  18C    basis set group =>   1
Atom  19C    basis set group =>   1
Atom  20C    basis set group =>   1
Atom  21C    basis set group =>   1
Atom  22F    basis set group =>   3
Atom  23C    basis set group =>   1
Atom  24C    basis set group =>   1
Atom  25C    basis set group =>   1
Atom  26C    basis set group =>   1
Atom  27N    basis set group =>   4
Atom  28C    basis set group =>   1
Atom  29C    basis set group =>   1
Atom  30F    basis set group =>   3
Atom  31F    basis set group =>   3
Atom  32H    basis set group =>   5
Atom  33H    basis set group =>   5
Atom  34H    basis set group =>   5
Atom  35H    basis set group =>   5
Atom  36H    basis set group =>   5
Atom  37H    basis set group =>   5
Atom  38H    basis set group =>   5
Atom  39H    basis set group =>   5
Atom  40H    basis set group =>   5
Atom  41H    basis set group =>   5
Atom  42H    basis set group =>   5
Atom  43H    basis set group =>   5
Atom  44H    basis set group =>   5
Atom  45H    basis set group =>   5
Atom  46H    basis set group =>   5
Atom  47H    basis set group =>   5
Atom  48H    basis set group =>   5
Atom  49H    basis set group =>   5
Atom  50H    basis set group =>   5
Atom  51H    basis set group =>   5
Atom  52H    basis set group =>   5
Atom  53H    basis set group =>   5
Atom  54H    basis set group =>   5
Atom  55H    basis set group =>   5
Atom  56H    basis set group =>   5
------------------------------------------------------------------------------
                           ORCA GTO INTEGRAL CALCULATION
------------------------------------------------------------------------------
------------------------------------------------------------------------------
                   ___                                                        
                  /   \      - P O W E R E D   B Y -                         
                 /     \                                                     
                 |  |  |   _    _      __       _____    __    __             
                 |  |  |  | |  | |    /  \     |  _  \  |  |  /  |          
                  \  \/   | |  | |   /    \    | | | |  |  | /  /          
                 / \  \   | |__| |  /  /\  \   | |_| |  |  |/  /          
                |  |  |   |  __  | /  /__\  \  |    /   |      \           
                |  |  |   | |  | | |   __   |  |    \   |  |\   \          
                \     /   | |  | | |  |  |  |  | |\  \  |  | \   \       
                 \___/    |_|  |_| |__|  |__|  |_| \__\ |__|  \__/        
                                                                              
                      - O R C A' S   B I G   F R I E N D -                    
                                      &                                       
                       - I N T E G R A L  F E E D E R -                       
                                                                              
 v1 FN, 2020, v2 2021                                                         
------------------------------------------------------------------------------


Reading SHARK input file START_a002_b006.SHARKINP.tmp ... ok
----------------------
SHARK INTEGRAL PACKAGE
----------------------

Number of atoms                             ...     57
Number of basis functions                   ...    573
Number of shells                            ...    267
Maximum angular momentum                    ...      2
Integral batch strategy                     ... SHARK/LIBINT Hybrid
RI-J (if used) integral strategy            ... SPLIT-RIJ (Revised 2003 algorithm where possible)
Printlevel                                  ...      1
Contraction scheme used                     ... SEGMENTED contraction
Coulomb Range Separation                    ... NOT USED
Exchange Range Separation                   ... NOT USED
Finite Nucleus Model                        ... NOT USED
Auxiliary Coulomb fitting basis             ... NOT available
Auxiliary J/K fitting basis                 ... NOT available
Auxiliary Correlation fitting basis         ... NOT available
Auxiliary 'external' fitting basis          ... NOT available
Integral threshold                          ...     1.000000e-10
Primitive cut-off                           ...     1.000000e-11
Primitive pair pre-selection threshold      ...     1.000000e-11

Calculating pre-screening integrals         ... done (  0.1 sec) Dimension = 267
Organizing shell pair data                  ... done (  0.1 sec)
Shell pair information
Total number of shell pairs                 ...     35778
Shell pairs after pre-screening             ...     22348
Total number of primitive shell pairs       ...    130286
Primitive shell pairs kept                  ...     49480
          la=0 lb=0:   6936 shell pairs
          la=1 lb=0:   8385 shell pairs
          la=1 lb=1:   2583 shell pairs
          la=2 lb=0:   2621 shell pairs
          la=2 lb=1:   1592 shell pairs
          la=2 lb=2:    231 shell pairs

Calculating one electron integrals          ... done (  0.2 sec)
Calculating Nuclear repulsion               ... done (  0.0 sec) ENN=   3089.530054768106 Eh

SHARK setup successfully completed in   0.7 seconds

Maximum memory used throughout the entire GTOINT-calculation: 127.1 MB
-------------------------------------------------------------------------------
                                 ORCA SCF
-------------------------------------------------------------------------------

------------
SCF SETTINGS
------------
Hamiltonian:
 Ab initio Hamiltonian  Method          .... Hartree-Fock(GTOs)


General Settings:
 Integral files         IntName         .... START_a002_b006
 Hartree-Fock type      HFTyp           .... RHF
 Total Charge           Charge          ....    0
 Multiplicity           Mult            ....    1
 Number of Electrons    NEL             ....  226
 Basis Dimension        Dim             ....  573
 Nuclear Repulsion      ENuc            ....   3089.5300547681 Eh

Convergence Acceleration:
 DIIS                   CNVDIIS         .... on
   Start iteration      DIISMaxIt       ....    12
   Startup error        DIISStart       ....  0.200000
   # of expansion vecs  DIISMaxEq       ....     5
   Bias factor          DIISBfac        ....   1.050
   Max. coefficient     DIISMaxC        ....  10.000
 Trust-Rad. Augm. Hess. CNVTRAH         .... auto
   Auto Start mean grad. ratio tolernc. ....  1.125000
   Auto Start start iteration           ....    20
   Auto Start num. interpolation iter.  ....    10
   Max. Number of Micro iterations      ....    16
   Max. Number of Macro iterations      .... Maxiter - #DIIS iter
   Number of Davidson start vectors     ....     2
   Converg. threshold I  (grad. norm)   ....   5.000e-05
   Converg. threshold II (energy diff.) ....   1.000e-06
   Grad. Scal. Fac. for Micro threshold ....   0.100
   Minimum threshold for Micro iter.    ....   0.010
   NR start threshold (gradient norm)   ....   0.001
   Initial trust radius                 ....   0.400
   Minimum AH scaling param. (alpha)    ....   1.000
   Maximum AH scaling param. (alpha)    .... 1000.000
   Orbital update algorithm             .... Taylor
   White noise on init. David. guess    .... on
   Maximum white noise                  ....   0.010
   Quad. conv. algorithm                .... NR
 SOSCF                  CNVSOSCF        .... on
   Start iteration      SOSCFMaxIt      ....   150
   Startup grad/error   SOSCFStart      ....  0.003300
 Level Shifting         CNVShift        .... on
   Level shift para.    LevelShift      ....    0.2500
   Turn off err/grad.   ShiftErr        ....    0.0010
 Zerner damping         CNVZerner       .... off
 Static damping         CNVDamp         .... on
   Fraction old density DampFac         ....    0.7000
   Max. Damping (<1)    DampMax         ....    0.9800
   Min. Damping (>=0)   DampMin         ....    0.0000
   Turn off err/grad.   DampErr         ....    0.1000
 Fernandez-Rico         CNVRico         .... off

SCF Procedure:
 Maximum # iterations   MaxIter         ....    10
 SCF integral mode      SCFMode         .... Direct
   Integral package                     .... SHARK and LIBINT hybrid scheme
 Reset frequency        DirectResetFreq ....    20
 Integral Threshold     Thresh          ....  1.000e-10 Eh
 Primitive CutOff       TCut            ....  1.000e-11 Eh

Convergence Tolerance:
 Convergence Check Mode ConvCheckMode   .... Total+1el-Energy
 Convergence forced     ConvForced      .... 0
 Energy Change          TolE            ....  1.000e-06 Eh
 1-El. energy change                    ....  1.000e-03 Eh
 Orbital Gradient       TolG            ....  5.000e-05
 Orbital Rotation angle TolX            ....  5.000e-05
 DIIS Error             TolErr          ....  1.000e-06


Diagonalization of the overlap matrix:
Smallest eigenvalue                        ... 2.223e-04
Time for diagonalization                   ...    0.049 sec
Threshold for overlap eigenvalues          ... 1.000e-08
Number of eigenvalues below threshold      ... 0
Time for construction of square roots      ...    0.019 sec
Total time needed                          ...    0.069 sec

Time for model grid setup =    2.193 sec

------------------------------
INITIAL GUESS: MODEL POTENTIAL
------------------------------
Loading Hartree-Fock densities                     ... done
Calculating cut-offs                               ... done
Initializing the effective Hamiltonian             ... done
Setting up the integral package (SHARK)            ... done
Starting the Coulomb interaction                   ... done (   3.3 sec)
Reading the grid                                   ... done
Mapping shells                                     ... done
Starting the XC term evaluation                    ... done (   0.8 sec)
Transforming the Hamiltonian                       ... done (   0.0 sec)
Diagonalizing the Hamiltonian                      ... done (   0.0 sec)
Back transforming the eigenvectors                 ... done (   0.0 sec)
Now organizing SCF variables                       ... done
                      ------------------
                      INITIAL GUESS DONE (   6.4 sec)
                      ------------------

 Error  (ORCA_SCF): Not enough memory available!
                    Memory available for SCF calculation:           20 MB
                    Memory needed (estimated)           :          271 MB
       ====>        Please increase MaxCore to more than:          271 MB


Error (ORCA_SCF): ... aborting the run

ORCA finished by error termination in SCF
Calling Command: /opt/bwhpc/common/chem/orca/5.0.2_static/orca_scf START_a002_b006.gbw b 
[file orca_tools/qcmsg.cpp, line 465]: 
  .... aborting the run

[file orca_tools/qcmsg.cpp, line 465]: 
  .... aborting the run

