
                                 *****************
                                 * O   R   C   A *
                                 *****************

                                            #,                                       
                                            ###                                      
                                            ####                                     
                                            #####                                    
                                            ######                                   
                                           ########,                                 
                                     ,,################,,,,,                         
                               ,,#################################,,                 
                          ,,##########################################,,             
                       ,#########################################, ''#####,          
                    ,#############################################,,   '####,        
                  ,##################################################,,,,####,       
                ,###########''''           ''''###############################       
              ,#####''   ,,,,##########,,,,          '''####'''          '####       
            ,##' ,,,,###########################,,,                        '##       
           ' ,,###''''                  '''############,,,                           
         ,,##''                                '''############,,,,        ,,,,,,###''
      ,#''                                            '''#######################'''  
     '                                                          ''''####''''         
             ,#######,   #######,   ,#######,      ##                                
            ,#'     '#,  ##    ##  ,#'     '#,    #''#        ######   ,####,        
            ##       ##  ##   ,#'  ##            #'  '#       #        #'  '#        
            ##       ##  #######   ##           ,######,      #####,   #    #        
            '#,     ,#'  ##    ##  '#,     ,#' ,#      #,         ##   #,  ,#        
             '#######'   ##     ##  '#######'  #'      '#     #####' # '####'        



                  #######################################################
                  #                        -***-                        #
                  #          Department of theory and spectroscopy      #
                  #    Directorship and core code : Frank Neese         #
                  #        Max Planck Institute fuer Kohlenforschung    #
                  #                Kaiser Wilhelm Platz 1               #
                  #                 D-45470 Muelheim/Ruhr               #
                  #                      Germany                        #
                  #                                                     #
                  #                  All rights reserved                #
                  #                        -***-                        #
                  #######################################################


                         Program Version 5.0.2 -  RELEASE  -


 With contributions from (in alphabetic order):
   Daniel Aravena         : Magnetic Suceptibility
   Michael Atanasov       : Ab Initio Ligand Field Theory (pilot matlab implementation)
   Alexander A. Auer      : GIAO ZORA, VPT2 properties, NMR spectrum
   Ute Becker             : Parallelization
   Giovanni Bistoni       : ED, misc. LED, open-shell LED, HFLD
   Martin Brehm           : Molecular dynamics
   Dmytro Bykov           : SCF Hessian
   Vijay G. Chilkuri      : MRCI spin determinant printing, contributions to CSF-ICE
   Dipayan Datta          : RHF DLPNO-CCSD density
   Achintya Kumar Dutta   : EOM-CC, STEOM-CC
   Dmitry Ganyushin       : Spin-Orbit,Spin-Spin,Magnetic field MRCI
   Miquel Garcia          : C-PCM and meta-GGA Hessian, CC/C-PCM, Gaussian charge scheme
   Yang Guo               : DLPNO-NEVPT2, F12-NEVPT2, CIM, IAO-localization
   Andreas Hansen         : Spin unrestricted coupled pair/coupled cluster methods
   Benjamin Helmich-Paris : MC-RPA, TRAH-SCF, COSX integrals
   Lee Huntington         : MR-EOM, pCC
   Robert Izsak           : Overlap fitted RIJCOSX, COSX-SCS-MP3, EOM
   Marcus Kettner         : VPT2
   Christian Kollmar      : KDIIS, OOCD, Brueckner-CCSD(T), CCSD density, CASPT2, CASPT2-K
   Simone Kossmann        : Meta GGA functionals, TD-DFT gradient, OOMP2, MP2 Hessian
   Martin Krupicka        : Initial AUTO-CI
   Lucas Lang             : DCDCAS
   Marvin Lechner         : AUTO-CI (C++ implementation), FIC-MRCC
   Dagmar Lenk            : GEPOL surface, SMD
   Dimitrios Liakos       : Extrapolation schemes; Compound Job, initial MDCI parallelization
   Dimitrios Manganas     : Further ROCIS development; embedding schemes
   Dimitrios Pantazis     : SARC Basis sets
   Anastasios Papadopoulos: AUTO-CI, single reference methods and gradients
   Taras Petrenko         : DFT Hessian,TD-DFT gradient, ASA, ECA, R-Raman, ABS, FL, XAS/XES, NRVS
   Peter Pinski           : DLPNO-MP2, DLPNO-MP2 Gradient
   Christoph Reimann      : Effective Core Potentials
   Marius Retegan         : Local ZFS, SOC
   Christoph Riplinger    : Optimizer, TS searches, QM/MM, DLPNO-CCSD(T), (RO)-DLPNO pert. Triples
   Tobias Risthaus        : Range-separated hybrids, TD-DFT gradient, RPA, STAB
   Michael Roemelt        : Original ROCIS implementation
   Masaaki Saitow         : Open-shell DLPNO-CCSD energy and density
   Barbara Sandhoefer     : DKH picture change effects
   Avijit Sen             : IP-ROCIS
   Kantharuban Sivalingam : CASSCF convergence, NEVPT2, FIC-MRCI
   Bernardo de Souza      : ESD, SOC TD-DFT
   Georgi Stoychev        : AutoAux, RI-MP2 NMR, DLPNO-MP2 response
   Willem Van den Heuvel  : Paramagnetic NMR
   Boris Wezisla          : Elementary symmetry handling
   Frank Wennmohs         : Technical directorship


 We gratefully acknowledge several colleagues who have allowed us to
 interface, adapt or use parts of their codes:
   Stefan Grimme, W. Hujo, H. Kruse, P. Pracht,  : VdW corrections, initial TS optimization,
                  C. Bannwarth, S. Ehlert          DFT functionals, gCP, sTDA/sTD-DF
   Ed Valeev, F. Pavosevic, A. Kumar             : LibInt (2-el integral package), F12 methods
   Garnet Chan, S. Sharma, J. Yang, R. Olivares  : DMRG
   Ulf Ekstrom                                   : XCFun DFT Library
   Mihaly Kallay                                 : mrcc  (arbitrary order and MRCC methods)
   Jiri Pittner, Ondrej Demel                    : Mk-CCSD
   Frank Weinhold                                : gennbo (NPA and NBO analysis)
   Christopher J. Cramer and Donald G. Truhlar   : smd solvation model
   Lars Goerigk                                  : TD-DFT with DH, B97 family of functionals
   V. Asgeirsson, H. Jonsson                     : NEB implementation
   FAccTs GmbH                                   : IRC, NEB, NEB-TS, DLPNO-Multilevel, CI-OPT
                                                   MM, QMMM, 2- and 3-layer-ONIOM, Crystal-QMMM,
                                                   LR-CPCM, SF, NACMEs, symmetry and pop. for TD-DFT,
                                                   nearIR, NL-DFT gradient (VV10), updates on ESD,
                                                   ML-optimized integration grids
   S Lehtola, MJT Oliveira, MAL Marques          : LibXC Library
   Liviu Ungur et al                             : ANISO software


 Your calculation uses the libint2 library for the computation of 2-el integrals
 For citations please refer to: http://libint.valeyev.net

 Your ORCA version has been built with support for libXC version: 5.1.0
 For citations please refer to: https://tddft.org/programs/libxc/

 This ORCA versions uses:
   CBLAS   interface :  Fast vector & matrix operations
   LAPACKE interface :  Fast linear algebra routines
   SCALAPACK package :  Parallel linear algebra routines
   Shared memory     :  Shared parallel matrices
   BLAS/LAPACK       :  OpenBLAS 0.3.15  USE64BITINT DYNAMIC_ARCH NO_AFFINITY SkylakeX SINGLE_THREADED
        Core in use  :  SkylakeX
   Copyright (c) 2011-2014, The OpenBLAS Project


================================================================================

----- Orbital basis set information -----
Your calculation utilizes the basis: def2-SVP
   F. Weigend and R. Ahlrichs, Phys. Chem. Chem. Phys. 7, 3297 (2005).

The basis set includes element-specific modifications.

----- AuxJ basis set information -----
Your calculation utilizes the auxiliary basis: def2/J
   F. Weigend, Phys. Chem. Chem. Phys. 8, 1057 (2006).

The basis set includes element-specific modifications.

================================================================================
                                        WARNINGS
                       Please study these warnings very carefully!
================================================================================


INFO   : the flag for use of the SHARK integral package has been found!


WARNING: TRAH-SCF with ROHF wave function is not implemented yet
  ===> : Turning TRAH off

================================================================================
                                       INPUT FILE
================================================================================
NAME = START_a007_b027_atom50.inp
|  1> # input to generate an atomic fitting density for Sn
|  2> # this file is use internally by ORCA
|  3> #
|  4> # atomic ground state (S=3): 1s2 2s2 2p6 3s2 3p6 4s2 3d10 4p6 5s2 4d10 5p2 
|  5> #
|  6> ! RHF AllowRHF def2-SVP def2/J  NoMulliken NoLoewdin NoMayer NoPrintMOs 
|  7> 
|  8> %output print[p_atomdensfit] 2 end
|  9> 
| 10> %scf
| 11>   guess hcore
| 12>   maxiter 1000
| 13>   maxdisk 500000
| 14>   SCFMode Conventional
| 15>   lshift 1.000000
| 16>   hftyp rohf
| 17>   rohf_case sahf
| 18>   rohf_numop   2
| 19>   rohf_norb[1] 3
| 20>   rohf_nel[1]  2
| 21> end
| 22> 
| 23> %basis
| 24>   NewECP 50
| 25>     N_core 28
| 26>     lmax f
| 27>     s 4
| 28>       1      17.4204140000    279.9886820000  2
| 29>       2       7.6311550000     62.3778100000  2
| 30>       3      12.2823480000     12.5763330000  2
| 31>       4      12.2721500000     16.5959440000  2
| 32>     p 6
| 33>       1      16.1310240000     66.1625230000  2
| 34>       2      15.6280770000    132.1743960000  2
| 35>       3       7.3256080000     16.3394170000  2
| 36>       4       6.9425190000     32.4889590000  2
| 37>       5      12.2823480000     12.5763330000  2
| 38>       6      12.2721500000     16.5959440000  2
| 39>     d 6
| 40>       1      15.5149760000     36.3874410000  2
| 41>       2      15.1881600000     54.5078410000  2
| 42>       3       5.4560240000      8.6968230000  2
| 43>       4       5.3631050000     12.8402080000  2
| 44>       5      12.2823480000     12.5763330000  2
| 45>       6      12.2721500000     16.5959440000  2
| 46>     f 2
| 47>       1      12.2823480000    -12.5763330000  2
| 48>       2      12.2721500000    -16.5959440000  2
| 49>   end
| 50>   NewGTO 50
| 51>     s 6 
| 52>      1     375.9515617700      0.0014565513
| 53>      2      23.6618180080     -0.1604951396
| 54>      3      19.9462813150      0.3251706402
| 55>      4       6.8240270454     -0.8078471974
| 56>      5       1.8771488722      0.8863452546
| 57>      6       0.8203319923      0.5079178345
| 58>     s 2 
| 59>      1      10.3415498870     -0.0400951173
| 60>      2       1.3672524155      1.0200482364
| 61>     s 1 
| 62>      1       0.1831484382      1.0000000000
| 63>     s 1 
| 64>      1       0.0695472261      1.0000000000
| 65>     p 4 
| 66>      1      21.2935977480      0.0377060237
| 67>      2       8.8171842499     -0.3287731866
| 68>      3       1.2347028371      0.8520899532
| 69>      4       0.5786914262      0.2367344390
| 70>     p 1 
| 71>      1       2.5084050284      1.0000000000
| 72>     p 1 
| 73>      1       0.2129857772      1.0000000000
| 74>     p 1 
| 75>      1       0.0673645847      1.0000000000
| 76>   end
| 77>   NewAuxGTO 50
| 78>     S 1
| 79>      1 1310.72 1.0
| 80>     S 1
| 81>      1  655.36 1.0
| 82>     S 1
| 83>      1  327.68 1.0
| 84>     S 1
| 85>      1  163.84 1.0
| 86>     S 1
| 87>      1   81.82 1.0
| 88>     S 1
| 89>      1   40.96 1.0
| 90>     S 1
| 91>      1   20.48 1.0
| 92>     S 1
| 93>      1   10.24 1.0
| 94>     S 1
| 95>      1    5.12 1.0
| 96>     S 1
| 97>      1    2.56 1.0
| 98>     S 1
| 99>      1    1.28 1.0
|100>     S 1
|101>      1    0.64 1.0
|102>     S 1
|103>      1    0.32 1.0
|104>     S 1
|105>      1    0.16 1.0
|106>     S 1
|107>      1    0.08 1.0
|108>     S 1
|109>      1    0.04 1.0
|110>     S 1
|111>      1    0.02 1.0
|112>     S 1
|113>      1    0.01 1.0
|114>   end
|115> end
|116> 
|117> * xyz 0 3
|118> 50  0.0 0.0 0.0
|119> *
|120> 
|121> 
|122>                          ****END OF INPUT****
================================================================================

                       ****************************
                       * Single Point Calculation *
                       ****************************

---------------------------------
CARTESIAN COORDINATES (ANGSTROEM)
---------------------------------
  Sn     0.000000    0.000000    0.000000

----------------------------
CARTESIAN COORDINATES (A.U.)
----------------------------
  NO LB      ZA    FRAG     MASS         X           Y           Z
   0 Sn   22.0000*   0   118.690    0.000000    0.000000    0.000000
* core charge reduced due to ECP

--------------------------------
INTERNAL COORDINATES (ANGSTROEM)
--------------------------------
 Sn     0   0   0     0.000000000000     0.00000000     0.00000000

---------------------------
INTERNAL COORDINATES (A.U.)
---------------------------
 Sn     0   0   0     0.000000000000     0.00000000     0.00000000

---------------------
BASIS SET INFORMATION
---------------------
There are 1 groups of distinct atoms

 Group   1 Type Sn  : 10s7p contracted to 4s4p pattern {6211/4111}

Atom   0Sn   basis set group =>   1
---------------------------------
AUXILIARY/J BASIS SET INFORMATION
---------------------------------
There are 1 groups of distinct atoms

 Group   1 Type Sn  : 18s contracted to 18s pattern {111111111111111111}

Atom   0Sn   basis set group =>   1
-------------------------
ECP PARAMETER INFORMATION
-------------------------

 Group 1, Type Sn ECP (replacing 28 core electrons, lmax=3)

Atom   0Sn   ECP group =>   1

------------------------------------------------------------------------------
                           ORCA GTO INTEGRAL CALCULATION
------------------------------------------------------------------------------
------------------------------------------------------------------------------
                   ___                                                        
                  /   \      - P O W E R E D   B Y -                         
                 /     \                                                     
                 |  |  |   _    _      __       _____    __    __             
                 |  |  |  | |  | |    /  \     |  _  \  |  |  /  |          
                  \  \/   | |  | |   /    \    | | | |  |  | /  /          
                 / \  \   | |__| |  /  /\  \   | |_| |  |  |/  /          
                |  |  |   |  __  | /  /__\  \  |    /   |      \           
                |  |  |   | |  | | |   __   |  |    \   |  |\   \          
                \     /   | |  | | |  |  |  |  | |\  \  |  | \   \       
                 \___/    |_|  |_| |__|  |__|  |_| \__\ |__|  \__/        
                                                                              
                      - O R C A' S   B I G   F R I E N D -                    
                                      &                                       
                       - I N T E G R A L  F E E D E R -                       
                                                                              
 v1 FN, 2020, v2 2021                                                         
------------------------------------------------------------------------------


Reading SHARK input file START_a007_b027_atom50.SHARKINP.tmp ... ok
----------------------
SHARK INTEGRAL PACKAGE
----------------------

Number of atoms                             ...      1
Number of basis functions                   ...     16
Number of shells                            ...      8
Maximum angular momentum                    ...      1
Integral batch strategy                     ... SHARK/LIBINT Hybrid
RI-J (if used) integral strategy            ... SPLIT-RIJ (Revised 2003 algorithm where possible)
Printlevel                                  ...      1
Contraction scheme used                     ... SEGMENTED contraction
Coulomb Range Separation                    ... NOT USED
Exchange Range Separation                   ... NOT USED
Finite Nucleus Model                        ... NOT USED
Auxiliary Coulomb fitting basis             ... AVAILABLE
   # of basis functions in Aux-J            ...     18
   # of shells in Aux-J                     ...     18
   Maximum angular momentum in Aux-J        ...      0
Auxiliary J/K fitting basis                 ... NOT available
Auxiliary Correlation fitting basis         ... NOT available
Auxiliary 'external' fitting basis          ... NOT available
Integral threshold                          ...     1.000000e-10
Primitive cut-off                           ...     1.000000e-11
Primitive pair pre-selection threshold      ...     1.000000e-11

Calculating pre-screening integrals         ... done (  0.0 sec) Dimension = 8
Organizing shell pair data                  ... done (  0.0 sec)
Shell pair information
Total number of shell pairs                 ...        36
Shell pairs after pre-screening             ...        36
Total number of primitive shell pairs       ...       175
Primitive shell pairs kept                  ...       175
          la=0 lb=0:     10 shell pairs
          la=1 lb=0:     16 shell pairs
          la=1 lb=1:     10 shell pairs

Calculating one electron integrals          ... done (  0.0 sec)
Calculating ECP integrals                   ... done (  0.0 sec)
Calculating RI/J V-Matrix + Cholesky decomp.... done (  0.0 sec)
Calculating Nuclear repulsion               ... done (  0.0 sec) ENN=      0.000000000000 Eh
Calculating 4-index integrals               ... 
    -> SHARK/Ints2Disk: Thresh =     1.000000e-10 TCut=    1.000000e-11 
    -> calling libint FockFlag=2 Lmax_loc=1
    ->Total LIBINT loop time =    0.001 sec
    -> L=0 0 0 0:     0.000 sec done=        55 (=100.0%) skipped=         0 
    -> L=1 0 0 0:     0.000 sec done=       160 (=100.0%) skipped=         0 
    -> L=1 0 1 0:     0.000 sec done=       136 (=100.0%) skipped=         0 
    -> L=1 1 0 0:     0.000 sec done=       100 (=100.0%) skipped=         0 
    -> L=1 1 1 0:     0.000 sec done=       160 (=100.0%) skipped=         0 
    -> L=1 1 1 1:     0.000 sec done=        55 (=100.0%) skipped=         0 
    ->Total SHARK integral loop time =    0.001 sec
    -> Total Integral generation matrix time =    0.005 sec
    -> Number of small integrals   =         0
    -> Number of medium integrals  =         0
    -> Number of large integrals   =      1636
    -> Number of MB stored         =         0 MB


SHARK setup successfully completed in   0.1 seconds

Maximum memory used throughout the entire GTOINT-calculation: 30.8 MB
-------------------------------------------------------------------------------
                                 ORCA SCF
-------------------------------------------------------------------------------

------------
SCF SETTINGS
------------
Hamiltonian:
 Ab initio Hamiltonian  Method          .... Hartree-Fock(GTOs)


General Settings:
 Integral files         IntName         .... START_a007_b027_atom50
 Hartree-Fock type      HFTyp           .... ROHF
 Total Charge           Charge          ....    0
 Multiplicity           Mult            ....    3
 Number of Electrons    NEL             ....   22
 Basis Dimension        Dim             ....   16
 Nuclear Repulsion      ENuc            ....      0.0000000000 Eh

Convergence Acceleration:
 DIIS                   CNVDIIS         .... on
   Start iteration      DIISMaxIt       ....    12
   Startup error        DIISStart       ....  0.200000
   # of expansion vecs  DIISMaxEq       ....     5
   Bias factor          DIISBfac        ....   1.050
   Max. coefficient     DIISMaxC        ....  10.000
 Trust-Rad. Augm. Hess. CNVTRAH         .... off
 SOSCF                  CNVSOSCF        .... off
 Level Shifting         CNVShift        .... on
   Level shift para.    LevelShift      ....    1.0000
   Turn off err/grad.   ShiftErr        ....    0.0010
 Zerner damping         CNVZerner       .... off
 Static damping         CNVDamp         .... on
   Fraction old density DampFac         ....    0.7000
   Max. Damping (<1)    DampMax         ....    0.9800
   Min. Damping (>=0)   DampMin         ....    0.0000
   Turn off err/grad.   DampErr         ....    0.1000
 Fernandez-Rico         CNVRico         .... off

SCF Procedure:
 Maximum # iterations   MaxIter         ....  1000
 SCF integral mode      SCFMode         .... Conventional
 Integral Threshold     Thresh          ....  1.000e-10 Eh
 Primitive CutOff       TCut            ....  1.000e-11 Eh
 Integral Buffer length BufferLength    .... 1048576
 Integral index format  IndFormat       ....     0
 Integral value format  ValFormat       ....     0
 Integral Storage       Thresh          ....  1.000e-10 Eh

Convergence Tolerance:
 Convergence Check Mode ConvCheckMode   .... Total+1el-Energy
 Convergence forced     ConvForced      .... 0
 Energy Change          TolE            ....  1.000e-06 Eh
 1-El. energy change                    ....  1.000e-03 Eh
 DIIS Error             TolErr          ....  1.000e-06


Diagonalization of the overlap matrix:
Smallest eigenvalue                        ... 8.013e-02
Time for diagonalization                   ...    0.000 sec
Threshold for overlap eigenvalues          ... 1.000e-08
Number of eigenvalues below threshold      ... 0
Time for construction of square roots      ...    0.000 sec
Total time needed                          ...    0.000 sec

--------------------
INITIAL GUESS: HCORE
--------------------
AVERAGE-CONFIGURATION (SAHF) CASE FOUND

-------------------
FINAL ROHF SETTINGS
-------------------
Number of operators             ... 2
  operator   0:  10 orbitals  20 electrons n(mue)= 2.000
  operator   1:   3 orbitals   2 electrons n(mue)= 0.667
Vector coupling coefficients a and b (Zerner convention):
   1.000    1.000           1.000    1.000 
   1.000    0.750           1.000    1.500 

                      -----------------
                      INTIAL GUESS DONE 
                      -----------------

 InCore treatment chosen:
   Memory dedicated               ...    1024 MB
   Memory needed                  ...      0 MB
   Number of tiny    integrals    ...       0
   Number of small   integrals    ...       0
   Number of regular integrals    ...    1636

--------------
SCF ITERATIONS
--------------
ITER       Energy         Delta-E        Max-DP      RMS-DP      [F,P]     Damp
  0   -173.4419522592   0.000000000000 0.17861905  0.02685028  3.8354235 0.7000
  1   -177.5185870834  -4.076634824218 0.14224878  0.02301856  0.7180112 0.7000
  2   -178.3527338970  -0.834146813583 0.10542642  0.01762679  0.4891022 0.7000
  3   -178.8794078645  -0.526673967530 0.08763801  0.01314651  0.3359619 0.7000
  4   -179.2399467617  -0.360538897159 0.07048497  0.00973102  0.2321328 0.7000
                            ****Activating DIIS****
  5   -179.4903095431  -0.250362781438 0.06593032  0.00793059  0.1610990 0.7000
  6   -179.6699087330  -0.179599189832 0.16008076  0.01899591  0.0287881 0.0000
  7   -180.0704189910  -0.400510258000 0.00525917  0.00046641  0.0293090 0.0000
  8   -180.0706088606  -0.000189869683 0.00157204  0.00025240  0.0293017 0.0000
  9   -180.0706520317  -0.000043171110 0.00352565  0.00051581  0.0292808 0.0000
 10   -180.0706533290  -0.000001297297 0.00171432  0.00024440  0.0292490 0.0000
 11   -180.0706581643  -0.000004835261 0.00128367  0.00012993  0.0292728 0.0000
 12   -180.0706690521  -0.000010887824 0.00059095  0.00008056  0.0292935 0.0000
 13   -180.0706704251  -0.000001372981 0.00027439  0.00003672  0.0293019 0.0000
                 **** Energy Check signals convergence ****

               *****************************************************
               *                     SUCCESS                       *
               *           SCF CONVERGED AFTER  14 CYCLES          *
               *****************************************************


----------------
TOTAL SCF ENERGY
----------------

Total Energy       :         -180.07067102 Eh           -4899.97207 eV

Components:
Nuclear Repulsion  :            0.00000000 Eh               0.00000 eV
Electronic Energy  :         -180.07067102 Eh           -4899.97207 eV
One Electron Energy:         -280.26832502 Eh           -7626.48885 eV
Two Electron Energy:          100.19765400 Eh            2726.51678 eV

Virial components:
Potential Energy   :         -228.84827046 Eh           -6227.27803 eV
Kinetic Energy     :           48.77759944 Eh            1327.30596 eV
Virial Ratio       :            4.69166735


---------------
SCF CONVERGENCE
---------------

  Last Energy change         ...   -5.9663e-07  Tolerance :   1.0000e-06
  Last MAX-Density change    ...    3.1237e-04  Tolerance :   1.0000e-05
  Last RMS-Density change    ...    4.2190e-05  Tolerance :   1.0000e-06
  Last DIIS Error            ...    2.9306e-02  Tolerance :   1.0000e-06

             **** THE GBW FILE WAS UPDATED (START_a007_b027_atom50.gbw) ****
             **** DENSITY START_a007_b027_atom50.scfp WAS UPDATED ****
             **** ENERGY FILE WAS UPDATED (START_a007_b027_atom50.en.tmp) ****
             **** THE GBW FILE WAS UPDATED (START_a007_b027_atom50.gbw) ****
             **** DENSITY START_a007_b027_atom50.scfp WAS UPDATED ****
----------------
ORBITAL ENERGIES
----------------

  NO   OCC          E(Eh)            E(eV) 
   0   2.0000     -10.387097      -282.6473 
   1   2.0000      -8.310503      -226.1403 
   2   2.0000      -8.307101      -226.0477 
   3   2.0000      -8.282860      -225.3881 
   4   2.0000      -2.364964       -64.3539 
   5   2.0000      -1.616091       -43.9761 
   6   2.0000      -1.612655       -43.8826 
   7   2.0000      -1.597045       -43.4578 
   8   2.0000      -0.366388        -9.9699 
   9   2.0000      -0.188939        -5.1413 
  10   0.6667      -0.238091        -6.4788 
  11   0.6667      -0.237379        -6.4594 
  12   0.6667       9.766880       265.7703 
  13   0.0000      10.286782       279.9176 
  14   0.0000      10.290938       280.0306 
  15   0.0000      46.293576      1259.7122 

Warning: MO coefficients are modified such that the real solid harmonic m components
have the correct order within each shell (0, +1, -1, +2, -2, ...) and all s orbitals
come before all p orbitals etc. (with increasing orbital energy within each block of given angular momentum).

CleanUpVectors: The p-vectors have cracked symmetry
CleanUpVectors: The p-vectors have cracked symmetry
CleanUpVectors: The p-vectors have cracked symmetry
CleanUpVectors: The p-vectors have cracked symmetry
CleanUpVectors: The p-vectors have cracked symmetry
CleanUpVectors: The p-vectors have cracked symmetry
CleanUpVectors: The p-vectors have cracked symmetry
CleanUpVectors: The p-vectors have cracked symmetry
CleanUpVectors: The p-vectors have cracked symmetry
CleanUpVectors: The p-vectors have cracked symmetry
CleanUpVectors: The p-vectors have cracked symmetry
--------------------------
ATOM BASIS FOR ELEMENT Sn
--------------------------
 NewGTO Sn
 S 10
    1        375.951561770000        -0.001193227431
    2         23.661818008000         0.131479888958
    3         19.946281315000        -0.266384388789
    4          6.824027045400         0.661799853093
    5          1.877148872200        -0.726106572100
    6          0.820331992300        -0.416093475768
    7         10.341549887000         0.010129014922
    8          1.367252415500        -0.257689327362
    9          0.183148438200         0.127602960907
   10          0.069547226100        -0.057108182870
 P 17
    1         21.293597748000         0.000898678779
    2          8.817184249900        -0.007835922671
    3          1.234702837100         0.020308563027
    4          0.578691426200         0.005642287246
    5         21.293597748000        -0.000615889458
    6          8.817184249900         0.005370174838
    7          1.234702837100        -0.013918020730
    8          0.578691426200        -0.003866815724
    9         21.293597748000        -0.020949908574
   10          8.817184249900         0.182670234748
   11          1.234702837100        -0.473431162034
   12          0.578691426200        -0.131532428153
   13          2.508405028400         0.024621301598
   14          2.508405028400        -0.016873659923
   15          2.508405028400        -0.573969286291
   16          0.212985777200        -0.004095104735
   17          0.212985777200         0.002806488697
 S 10
    1        375.951561770000        -0.000448222679
    2         23.661818008000         0.049388965200
    3         19.946281315000        -0.100064347574
    4          6.824027045400         0.248597790678
    5          1.877148872200        -0.272753897991
    6          0.820331992300        -0.156300909268
    7         10.341549887000         0.018822329521
    8          1.367252415500        -0.478853419713
    9          0.183148438200         1.657832669468
   10          0.069547226100        -0.493249979488
 S 10
    1        375.951561770000        -0.000144337842
    2         23.661818008000         0.015904364059
    3         19.946281315000        -0.032222983548
    4          6.824027045400         0.080054112313
    5          1.877148872200        -0.087832925321
    6          0.820331992300        -0.050332428583
    7         10.341549887000         0.008273698165
    8          1.367252415500        -0.210488752494
    9          0.183148438200         1.610182982665
   10          0.069547226100        -1.947251363422
 P 17
    1         21.293597748000        -0.000189054109
    2          8.817184249900         0.001648434809
    3          1.234702837100        -0.004272291039
    4          0.578691426200        -0.001186962032
    5         21.293597748000         0.000129564017
    6          8.817184249900        -0.001129718031
    7          1.234702837100         0.002927919379
    8          0.578691426200         0.000813457956
    9         21.293597748000         0.004407210227
   10          8.817184249900        -0.038428145108
   11          1.234702837100         0.099595215491
   12          0.578691426200         0.027670338534
   13          2.508405028400        -0.013057702389
   14          2.508405028400         0.008948805107
   15          2.508405028400         0.304399834062
   16          0.212985777200         0.052268830476
   17          0.212985777200        -0.035821277219
 P 17
    1         21.293597748000         0.000731881704
    2          8.817184249900        -0.006381555427
    3          1.234702837100         0.016539241905
    4          0.578691426200         0.004595064335
    5         21.293597748000         0.000941214361
    6          8.817184249900        -0.008206806619
    7          1.234702837100         0.021269792527
    8          0.578691426200         0.005909343706
    9         21.293597748000         0.000003725198
   10          8.817184249900        -0.000032481419
   11          1.234702837100         0.000084182932
   12          0.578691426200         0.000023388375
   13          2.508405028400         0.063499955442
   14          2.508405028400         0.079459107531
   15          2.508405028400         0.000387974760
   16          0.212985777200        -0.477383239292
   17          0.212985777200        -0.598844401744
 P 17
    1         21.293597748000        -0.054648695130
    2          8.817184249900         0.476502793938
    3          1.234702837100        -1.234964589373
    4          0.578691426200        -0.343107729591
    5         21.293597748000         0.016526462004
    6          8.817184249900        -0.144100518778
    7          1.234702837100         0.373469033687
    8          0.578691426200         0.103760150958
    9         21.293597748000        -0.002830088548
   10          8.817184249900         0.024676620315
   11          1.234702837100        -0.063955033764
   12          0.578691426200        -0.017768498481
   13          2.508405028400         1.147798314825
   14          2.508405028400        -0.347212122528
   15          2.508405028400         0.059443995654
   16          0.212985777200         0.786041116747
   17          0.212985777200        -0.237677720820
 S 10
    1        375.951561770000        -0.003560573625
    2         23.661818008000         0.392334112053
    3         19.946281315000        -0.794887214070
    4          6.824027045400         1.974801315829
    5          1.877148872200        -2.166691647500
    6          0.820331992300        -1.241616992832
    7         10.341549887000        -0.093796141311
    8          1.367252415500         2.386240394555
    9          0.183148438200         0.521292911336
   10          0.069547226100        -0.242428787707
 end
-------------------------------------------
RADIAL EXPECTATION VALUES <R**-3> TO <R**3>
-------------------------------------------
   0 :     0.000000     1.991337     1.341339     0.817495     0.734863     0.752175
   1 :     3.103716     1.870620     1.291898     0.859688     0.821872     0.904298
   2 :     3.105096     1.871091     1.292047     0.859605     0.821780     0.904579
   3 :     3.111243     1.873210     1.292725     0.859187     0.821065     0.903862
   4 :     0.000000     0.405338     0.561150     2.060410     4.781902    12.762303
   5 :     0.000000     0.082928     0.254586     4.332230    19.982350    97.174812
   6 :     0.474096     0.364311     0.511843     2.290973     5.852615    16.747236
   7 :     0.476801     0.365067     0.512135     2.290270     5.849984    16.741016
   8 :     0.477772     0.365529     0.512350     2.290190     5.852529    16.771167
   9 :     0.052945     0.069047     0.227618     4.832450    24.752792   133.182874
  10 :     0.054701     0.069727     0.227945     4.831680    24.750714   133.186505
  11 :     0.055239     0.069875     0.228003     4.831218    24.746460   133.155143
  12 :    19.766375     5.180950     1.848827     1.056048     2.348835     8.770120
  13 :    19.778017     5.184685     1.850096     1.054164     2.340258     8.729329
  14 :    19.775590     5.183915     1.849858     1.054041     2.337472     8.705973
  15 :     0.000000    19.678865     3.659110     0.401985     0.399022     1.205976
Making the total density                ... o.k.
o.k.
Initializing the integrals              ... done
Making exponents                        ... done
Making rho(0)                           ... done (         0.036980384)
Integral calculation                    ... Two index integrals                     ... done
Solving the equation system             ... done
atomic density will be written to file START_a007_b027_atom50.adf

-------
TIMINGS
-------

Total SCF time: 0 days 0 hours 0 min 0 sec 

Total time                  ....       0.263 sec
Sum of individual times     ....       0.055 sec  ( 21.0%)

Fock matrix formation       ....       0.052 sec  ( 19.8%)
Diagonalization             ....       0.002 sec  (  0.9%)
Density matrix formation    ....       0.000 sec  (  0.0%)
Population analysis         ....       0.000 sec  (  0.0%)
Initial guess               ....       0.000 sec  (  0.0%)
Orbital Transformation      ....       0.000 sec  (  0.0%)
Orbital Orthonormalization  ....       0.000 sec  (  0.0%)
DIIS solution               ....       0.001 sec  (  0.3%)

Maximum memory used throughout the entire SCF-calculation: 223.8 MB

-------------------------   --------------------
FINAL SINGLE POINT ENERGY      -180.070671021740
-------------------------   --------------------


                            ***************************************
                            *     ORCA property calculations      *
                            ***************************************

                                    ---------------------
                                    Active property flags
                                    ---------------------
   (+) Dipole Moment


------------------------------------------------------------------------------
                       ORCA ELECTRIC PROPERTIES CALCULATION
------------------------------------------------------------------------------

Dipole Moment Calculation                       ... on
Quadrupole Moment Calculation                   ... off
Polarizability Calculation                      ... off
GBWName                                         ... START_a007_b027_atom50.gbw
Electron density                                ... START_a007_b027_atom50.scfp
The origin for moment calculation is the CENTER OF MASS  = ( 0.000000,  0.000000  0.000000)

-------------
DIPOLE MOMENT
-------------
                                X             Y             Z
Electronic contribution:     -0.00000       0.00000       0.00000
Nuclear contribution   :      0.00000       0.00000       0.00000
                        -----------------------------------------
Total Dipole Moment    :     -0.00000       0.00000       0.00000
                        -----------------------------------------
Magnitude (a.u.)       :      0.00000
Magnitude (Debye)      :      0.00000



--------------------
Rotational spectrum 
--------------------
 
Rotational constants in cm-1:     0.000000     0.000000     0.000000 
Rotational constants in MHz :     0.000000     0.000000     0.000000 

 Dipole components along the rotational axes: 
x,y,z [a.u.] :    -0.000000     0.000000     0.000000 
x,y,z [Debye]:    -0.000000     0.000000     0.000000 

 

Timings for individual modules:

Sum of individual times         ...        0.340 sec (=   0.006 min)
GTO integral calculation        ...        0.070 sec (=   0.001 min)  20.6 %
SCF iterations                  ...        0.270 sec (=   0.005 min)  79.4 %
                             ****ORCA TERMINATED NORMALLY****
TOTAL RUN TIME: 0 days 0 hours 0 minutes 0 seconds 404 msec
