
                                 *****************
                                 * O   R   C   A *
                                 *****************

                                            #,                                       
                                            ###                                      
                                            ####                                     
                                            #####                                    
                                            ######                                   
                                           ########,                                 
                                     ,,################,,,,,                         
                               ,,#################################,,                 
                          ,,##########################################,,             
                       ,#########################################, ''#####,          
                    ,#############################################,,   '####,        
                  ,##################################################,,,,####,       
                ,###########''''           ''''###############################       
              ,#####''   ,,,,##########,,,,          '''####'''          '####       
            ,##' ,,,,###########################,,,                        '##       
           ' ,,###''''                  '''############,,,                           
         ,,##''                                '''############,,,,        ,,,,,,###''
      ,#''                                            '''#######################'''  
     '                                                          ''''####''''         
             ,#######,   #######,   ,#######,      ##                                
            ,#'     '#,  ##    ##  ,#'     '#,    #''#        ######   ,####,        
            ##       ##  ##   ,#'  ##            #'  '#       #        #'  '#        
            ##       ##  #######   ##           ,######,      #####,   #    #        
            '#,     ,#'  ##    ##  '#,     ,#' ,#      #,         ##   #,  ,#        
             '#######'   ##     ##  '#######'  #'      '#     #####' # '####'        



                  #######################################################
                  #                        -***-                        #
                  #          Department of theory and spectroscopy      #
                  #    Directorship and core code : Frank Neese         #
                  #        Max Planck Institute fuer Kohlenforschung    #
                  #                Kaiser Wilhelm Platz 1               #
                  #                 D-45470 Muelheim/Ruhr               #
                  #                      Germany                        #
                  #                                                     #
                  #                  All rights reserved                #
                  #                        -***-                        #
                  #######################################################


                         Program Version 5.0.2 -  RELEASE  -


 With contributions from (in alphabetic order):
   Daniel Aravena         : Magnetic Suceptibility
   Michael Atanasov       : Ab Initio Ligand Field Theory (pilot matlab implementation)
   Alexander A. Auer      : GIAO ZORA, VPT2 properties, NMR spectrum
   Ute Becker             : Parallelization
   Giovanni Bistoni       : ED, misc. LED, open-shell LED, HFLD
   Martin Brehm           : Molecular dynamics
   Dmytro Bykov           : SCF Hessian
   Vijay G. Chilkuri      : MRCI spin determinant printing, contributions to CSF-ICE
   Dipayan Datta          : RHF DLPNO-CCSD density
   Achintya Kumar Dutta   : EOM-CC, STEOM-CC
   Dmitry Ganyushin       : Spin-Orbit,Spin-Spin,Magnetic field MRCI
   Miquel Garcia          : C-PCM and meta-GGA Hessian, CC/C-PCM, Gaussian charge scheme
   Yang Guo               : DLPNO-NEVPT2, F12-NEVPT2, CIM, IAO-localization
   Andreas Hansen         : Spin unrestricted coupled pair/coupled cluster methods
   Benjamin Helmich-Paris : MC-RPA, TRAH-SCF, COSX integrals
   Lee Huntington         : MR-EOM, pCC
   Robert Izsak           : Overlap fitted RIJCOSX, COSX-SCS-MP3, EOM
   Marcus Kettner         : VPT2
   Christian Kollmar      : KDIIS, OOCD, Brueckner-CCSD(T), CCSD density, CASPT2, CASPT2-K
   Simone Kossmann        : Meta GGA functionals, TD-DFT gradient, OOMP2, MP2 Hessian
   Martin Krupicka        : Initial AUTO-CI
   Lucas Lang             : DCDCAS
   Marvin Lechner         : AUTO-CI (C++ implementation), FIC-MRCC
   Dagmar Lenk            : GEPOL surface, SMD
   Dimitrios Liakos       : Extrapolation schemes; Compound Job, initial MDCI parallelization
   Dimitrios Manganas     : Further ROCIS development; embedding schemes
   Dimitrios Pantazis     : SARC Basis sets
   Anastasios Papadopoulos: AUTO-CI, single reference methods and gradients
   Taras Petrenko         : DFT Hessian,TD-DFT gradient, ASA, ECA, R-Raman, ABS, FL, XAS/XES, NRVS
   Peter Pinski           : DLPNO-MP2, DLPNO-MP2 Gradient
   Christoph Reimann      : Effective Core Potentials
   Marius Retegan         : Local ZFS, SOC
   Christoph Riplinger    : Optimizer, TS searches, QM/MM, DLPNO-CCSD(T), (RO)-DLPNO pert. Triples
   Tobias Risthaus        : Range-separated hybrids, TD-DFT gradient, RPA, STAB
   Michael Roemelt        : Original ROCIS implementation
   Masaaki Saitow         : Open-shell DLPNO-CCSD energy and density
   Barbara Sandhoefer     : DKH picture change effects
   Avijit Sen             : IP-ROCIS
   Kantharuban Sivalingam : CASSCF convergence, NEVPT2, FIC-MRCI
   Bernardo de Souza      : ESD, SOC TD-DFT
   Georgi Stoychev        : AutoAux, RI-MP2 NMR, DLPNO-MP2 response
   Willem Van den Heuvel  : Paramagnetic NMR
   Boris Wezisla          : Elementary symmetry handling
   Frank Wennmohs         : Technical directorship


 We gratefully acknowledge several colleagues who have allowed us to
 interface, adapt or use parts of their codes:
   Stefan Grimme, W. Hujo, H. Kruse, P. Pracht,  : VdW corrections, initial TS optimization,
                  C. Bannwarth, S. Ehlert          DFT functionals, gCP, sTDA/sTD-DF
   Ed Valeev, F. Pavosevic, A. Kumar             : LibInt (2-el integral package), F12 methods
   Garnet Chan, S. Sharma, J. Yang, R. Olivares  : DMRG
   Ulf Ekstrom                                   : XCFun DFT Library
   Mihaly Kallay                                 : mrcc  (arbitrary order and MRCC methods)
   Jiri Pittner, Ondrej Demel                    : Mk-CCSD
   Frank Weinhold                                : gennbo (NPA and NBO analysis)
   Christopher J. Cramer and Donald G. Truhlar   : smd solvation model
   Lars Goerigk                                  : TD-DFT with DH, B97 family of functionals
   V. Asgeirsson, H. Jonsson                     : NEB implementation
   FAccTs GmbH                                   : IRC, NEB, NEB-TS, DLPNO-Multilevel, CI-OPT
                                                   MM, QMMM, 2- and 3-layer-ONIOM, Crystal-QMMM,
                                                   LR-CPCM, SF, NACMEs, symmetry and pop. for TD-DFT,
                                                   nearIR, NL-DFT gradient (VV10), updates on ESD,
                                                   ML-optimized integration grids
   S Lehtola, MJT Oliveira, MAL Marques          : LibXC Library
   Liviu Ungur et al                             : ANISO software


 Your calculation uses the libint2 library for the computation of 2-el integrals
 For citations please refer to: http://libint.valeyev.net

 Your ORCA version has been built with support for libXC version: 5.1.0
 For citations please refer to: https://tddft.org/programs/libxc/

 This ORCA versions uses:
   CBLAS   interface :  Fast vector & matrix operations
   LAPACKE interface :  Fast linear algebra routines
   SCALAPACK package :  Parallel linear algebra routines
   Shared memory     :  Shared parallel matrices
   BLAS/LAPACK       :  OpenBLAS 0.3.15  USE64BITINT DYNAMIC_ARCH NO_AFFINITY SkylakeX SINGLE_THREADED
        Core in use  :  SkylakeX
   Copyright (c) 2011-2014, The OpenBLAS Project


================================================================================

cite the ECPs for Sn [Def2-ECP] as follows:
Ce-Yb(ecp-28): M. Dolg, H. Stoll, H.Preuss, J. Chem. Phys., 1989, 90, 1730-1734.
Y-Cd(ecp-28), Hf-Hg(ecp-46): D. Andrae,U. Haeussermann, M. Dolg, H. Stoll, H. Preuss, Theor. Chim. Acta, 1990, 77, 123-141.
In-Sb(ecp-28), Tl-Bi(ecp-46): B. Metz, H. Stoll, M. Dolg, J. Chem. Phys., 2000, 113, 2563-2569.
Te-Xe(ecp-28), Po-Rn(ecp-46): K. A. Peterson, D. Figgen, E. Goll, H. Stoll, M. Dolg, J. Chem. Phys., 2003, 119, 11113-11123.
Rb(ecp-28), Cs(ecp-46): T. Leininger, A. Nicklass, W. Kuechle, H. Stoll, M. Dolg, A. Bergner, Chem. Phys. Lett., 1996, 255, 274-280.
Sr(ecp-28), Ba(ecp-46): M. Kaupp, P. V. Schleyer, H. Stoll and H. Preuss, J. Chem. Phys., 1991, 94, 1360-1366.
La(ecp-46): M. Dolg, H. Stoll, A. Savin, H. Preuss, Theor. Chim. Acta, 1989, 75, 173-194.
Lu(ecp-28): X. Cao, M. Dolg, J. Chem. Phys., 2001, 115, 7348-7355.

ECP parameters for Sn [Def2-ECP] have been obtained from:
TURBOMOLE (7.0.2)

----- Orbital basis set information -----
Your calculation utilizes the basis: def2-SVP
   F. Weigend and R. Ahlrichs, Phys. Chem. Chem. Phys. 7, 3297 (2005).

================================================================================
                                        WARNINGS
                       Please study these warnings very carefully!
================================================================================


INFO   : the flag for use of the SHARK integral package has been found!

================================================================================
                                       INPUT FILE
================================================================================
NAME = START_a007_b027.inp
|  1> !HF  DEF2-SVP 
|  2> %maxcore 20
|  3> %pal nprocs = 1  end
|  4> %scf
|  5> MAXITER 10
|  6> end
|  7> %output XYZFILE 1 end
|  8> * xyz 0 1
|  9> Cl 0.151869 2.125312 2.434555
| 10> Sn -0.123179 0.537226 0.673317
| 11> Cl -1.973027 -0.530669 1.742019
| 12> Cl 1.690128 -0.844822 1.406485
| 13> Cl -0.394588 -0.715791 -1.344006
| 14> C 2.608246 0.564603 -2.073821
| 15> C 2.461569 1.317223 -0.78398
| 16> N 3.527366 1.548036 -0.033887
| 17> C 4.797923 0.882795 -0.225678
| 18> C 3.418789 2.273211 1.221325
| 19> O 1.331741 1.747485 -0.437828
| 20> C -2.986132 2.981609 1.417801
| 21> C -2.737072 2.096173 0.232568
| 22> N -3.756099 1.499108 -0.36648
| 23> C -3.543396 0.615623 -1.500337
| 24> C -5.091789 1.440557 0.186837
| 25> O -1.568023 1.945555 -0.204501
| 26> H 1.71422 0.71012 -2.66996
| 27> H 2.692938 -0.504047 -1.869524
| 28> H 3.476916 0.88074 -2.648922
| 29> H 5.610284 1.607639 -0.18124
| 30> H 4.943058 0.147036 0.567516
| 31> H 4.851555 0.365195 -1.17617
| 32> H 4.342358 2.829359 1.376833
| 33> H 3.270613 1.580484 2.049552
| 34> H 2.583705 2.96347 1.200088
| 35> H -3.157132 2.367978 2.303789
| 36> H -2.101386 3.580833 1.602159
| 37> H -3.840972 3.640887 1.277357
| 38> H -4.416307 0.672013 -2.149543
| 39> H -2.661256 0.905053 -2.058825
| 40> H -3.411395 -0.412292 -1.162423
| 41> H -5.824168 1.719409 -0.570716
| 42> H -5.212328 2.097517 1.039887
| 43> H -5.303371 0.421427 0.515246
| 44> *
| 45> 
| 46>                          ****END OF INPUT****
================================================================================

                       ****************************
                       * Single Point Calculation *
                       ****************************

---------------------------------
CARTESIAN COORDINATES (ANGSTROEM)
---------------------------------
  Cl     0.151869    2.125312    2.434555
  Sn    -0.123179    0.537226    0.673317
  Cl    -1.973027   -0.530669    1.742019
  Cl     1.690128   -0.844822    1.406485
  Cl    -0.394588   -0.715791   -1.344006
  C      2.608246    0.564603   -2.073821
  C      2.461569    1.317223   -0.783980
  N      3.527366    1.548036   -0.033887
  C      4.797923    0.882795   -0.225678
  C      3.418789    2.273211    1.221325
  O      1.331741    1.747485   -0.437828
  C     -2.986132    2.981609    1.417801
  C     -2.737072    2.096173    0.232568
  N     -3.756099    1.499108   -0.366480
  C     -3.543396    0.615623   -1.500337
  C     -5.091789    1.440557    0.186837
  O     -1.568023    1.945555   -0.204501
  H      1.714220    0.710120   -2.669960
  H      2.692938   -0.504047   -1.869524
  H      3.476916    0.880740   -2.648922
  H      5.610284    1.607639   -0.181240
  H      4.943058    0.147036    0.567516
  H      4.851555    0.365195   -1.176170
  H      4.342358    2.829359    1.376833
  H      3.270613    1.580484    2.049552
  H      2.583705    2.963470    1.200088
  H     -3.157132    2.367978    2.303789
  H     -2.101386    3.580833    1.602159
  H     -3.840972    3.640887    1.277357
  H     -4.416307    0.672013   -2.149543
  H     -2.661256    0.905053   -2.058825
  H     -3.411395   -0.412292   -1.162423
  H     -5.824168    1.719409   -0.570716
  H     -5.212328    2.097517    1.039887
  H     -5.303371    0.421427    0.515246

----------------------------
CARTESIAN COORDINATES (A.U.)
----------------------------
  NO LB      ZA    FRAG     MASS         X           Y           Z
   0 Cl   17.0000    0    35.453    0.286991    4.016258    4.600642
   1 Sn   22.0000*   0   118.690   -0.232775    1.015210    1.272385
   2 Cl   17.0000    0    35.453   -3.728481   -1.002819    3.291939
   3 Cl   17.0000    0    35.453    3.193879   -1.596482    2.657871
   4 Cl   17.0000    0    35.453   -0.745663   -1.352649   -2.539803
   5 C     6.0000    0    12.011    4.928871    1.066945   -3.918954
   6 C     6.0000    0    12.011    4.651691    2.489191   -1.481507
   7 N     7.0000    0    14.007    6.665756    2.925364   -0.064037
   8 C     6.0000    0    12.011    9.066760    1.668241   -0.426470
   9 C     6.0000    0    12.011    6.460575    4.295746    2.307970
  10 O     8.0000    0    15.999    2.516626    3.302268   -0.827375
  11 C     6.0000    0    12.011   -5.642972    5.634424    2.679256
  12 C     6.0000    0    12.011   -5.172316    3.961193    0.439490
  13 N     7.0000    0    14.007   -7.097998    2.832904   -0.692547
  14 C     6.0000    0    12.011   -6.696048    1.163359   -2.835226
  15 C     6.0000    0    12.011   -9.622087    2.722258    0.353071
  16 O     8.0000    0    15.999   -2.963134    3.676566   -0.386451
  17 H     1.0000    0     1.008    3.239406    1.341932   -5.045493
  18 H     1.0000    0     1.008    5.088915   -0.952511   -3.532888
  19 H     1.0000    0     1.008    6.570419    1.664357   -5.005737
  20 H     1.0000    0     1.008   10.601900    3.037997   -0.342494
  21 H     1.0000    0     1.008    9.341026    0.277858    1.072450
  22 H     1.0000    0     1.008    9.168110    0.690119   -2.222639
  23 H     1.0000    0     1.008    8.205867    5.346714    2.601837
  24 H     1.0000    0     1.008    6.180563    2.986682    3.873092
  25 H     1.0000    0     1.008    4.882495    5.600147    2.267838
  26 H     1.0000    0     1.008   -5.966115    4.474830    4.353530
  27 H     1.0000    0     1.008   -3.971044    6.766794    3.027642
  28 H     1.0000    0     1.008   -7.258385    6.880279    2.413855
  29 H     1.0000    0     1.008   -8.345611    1.269921   -4.062048
  30 H     1.0000    0     1.008   -5.029045    1.710302   -3.890615
  31 H     1.0000    0     1.008   -6.446602   -0.779119   -2.196661
  32 H     1.0000    0     1.008  -11.006082    3.249212   -1.078497
  33 H     1.0000    0     1.008   -9.849872    3.963733    1.965102
  34 H     1.0000    0     1.008  -10.021919    0.796382    0.973674
* core charge reduced due to ECP

--------------------------------
INTERNAL COORDINATES (ANGSTROEM)
--------------------------------
 Cl     0   0   0     0.000000000000     0.00000000     0.00000000
 Sn     1   0   0     2.387389335308     0.00000000     0.00000000
 Cl     2   1   0     2.388401414950    93.24197609     0.00000000
 Cl     2   1   3     2.394926776913    94.05967255   258.68354908
 Cl     2   1   3     2.390252399622   169.87164855   129.20642088
 C      5   2   1     3.345003850673    83.19717433    62.55408830
 C      6   5   2     1.500546837660    85.22136662   356.05727564
 N      7   6   5     1.323569943307   119.72881107   144.81852645
 C      8   7   6     1.446943145397   123.48985277   346.42909796
 C      8   7   6     1.453693540777   121.07707671   180.04356708
 O      7   6   5     1.257560298885   119.73776423   323.35870680
 C      1   2   3     3.407944178640    80.84875191   297.70895121
 C     12   1   2     1.500268328662    86.24706666   348.88857737
 N     13  12   1     1.324296472569   119.71653904   151.64575896
 C     14  13  12     1.453072609295   120.96163870   181.19672512
 C     14  13  12     1.446947026739   123.75083119   348.20785047
 O     13  12   1     1.257135894439   119.98365343   330.18909489
 H      6   5   2     1.084361283561    55.33198647   239.06052426
 H      6   5   2     1.091294104068    69.75642026   109.14566091
 H      6   5   2     1.088701672576   160.50664243   198.25703086
 H      9   8   7     1.089634780328   110.08470462   134.59931643
 H      9   8   7     1.091587007958   109.28832279   253.84220074
 H      9   8   7     1.083614873231   112.29236582    13.65131669
 H     10   8   7     1.089248839214   108.33946762   211.88648502
 H     10   8   7     1.089856314857   110.44214065    92.14697073
 H     10   8   7     1.083639139338   111.00167392   331.93667337
 H     12   1   2     1.091218924096    76.15838741   100.14274398
 H     12   1   2     1.084358224415    48.45859778   229.33266360
 H     12   1   2     1.088633741908   156.02154303   205.37219264
 H     15  14  13     1.089321750658   108.43765179   210.60748636
 H     15  14  13     1.083443376759   111.03843379   330.77454951
 H     15  14  13     1.090054761295   110.43724987    90.86299648
 H     16  14  13     1.089965130339   110.12878822   132.24960133
 H     16  14  13     1.083429921417   112.28750704    11.21824032
 H     16  14  13     1.091441877016   109.37788497   251.43675483

---------------------------
INTERNAL COORDINATES (A.U.)
---------------------------
 Cl     0   0   0     0.000000000000     0.00000000     0.00000000
 Sn     1   0   0     4.511512018777     0.00000000     0.00000000
 Cl     2   1   0     4.513424572125    93.24197609     0.00000000
 Cl     2   1   3     4.525755719161    94.05967255   258.68354908
 Cl     2   1   3     4.516922426234   169.87164855   129.20642088
 C      5   2   1     6.321141194684    83.19717433    62.55408830
 C      6   5   2     2.835622574298    85.22136662   356.05727564
 N      7   6   5     2.501184711941   119.72881107   144.81852645
 C      8   7   6     2.734326276155   123.48985277   346.42909796
 C      8   7   6     2.747082674720   121.07707671   180.04356708
 O      7   6   5     2.376444561785   119.73776423   323.35870680
 C      1   2   3     6.440081177321    80.84875191   297.70895121
 C     12   1   2     2.835096268566    86.24706666   348.88857737
 N     13  12   1     2.502557653273   119.71653904   151.64575896
 C     14  13  12     2.745909284270   120.96163870   181.19672512
 C     14  13  12     2.734333610829   123.75083119   348.20785047
 O     13  12   1     2.375642553611   119.98365343   330.18909489
 H      6   5   2     2.049145856158    55.33198647   239.06052426
 H      6   5   2     2.062246988251    69.75642026   109.14566091
 H      6   5   2     2.057348002711   160.50664243   198.25703086
 H      9   8   7     2.059111320816   110.08470462   134.59931643
 H      9   8   7     2.062800496387   109.28832279   253.84220074
 H      9   8   7     2.047735345051   112.29236582    13.65131669
 H     10   8   7     2.058381997806   108.33946762   211.88648502
 H     10   8   7     2.059529960405   110.44214065    92.14697073
 H     10   8   7     2.047781201348   111.00167392   331.93667337
 H     12   1   2     2.062104918693    76.15838741   100.14274398
 H     12   1   2     2.049140075209    48.45859778   229.33266360
 H     12   1   2     2.057219632351   156.02154303   205.37219264
 H     15  14  13     2.058519780468   108.43765179   210.60748636
 H     15  14  13     2.047411263686   111.03843379   330.77454951
 H     15  14  13     2.059904969825   110.43724987    90.86299648
 H     16  14  13     2.059735591864   110.12878822   132.24960133
 H     16  14  13     2.047385836773   112.28750704    11.21824032
 H     16  14  13     2.062526238654   109.37788497   251.43675483

---------------------
BASIS SET INFORMATION
---------------------
There are 6 groups of distinct atoms

 Group   1 Type Cl  : 10s7p1d contracted to 4s3p1d pattern {5311/511/1}
 Group   2 Type Sn  : 10s7p6d contracted to 4s4p2d pattern {6211/4111/51}
 Group   3 Type C   : 7s4p1d contracted to 3s2p1d pattern {511/31/1}
 Group   4 Type N   : 7s4p1d contracted to 3s2p1d pattern {511/31/1}
 Group   5 Type O   : 7s4p1d contracted to 3s2p1d pattern {511/31/1}
 Group   6 Type H   : 4s1p contracted to 2s1p pattern {31/1}

Atom   0Cl   basis set group =>   1
Atom   1Sn   basis set group =>   2
Atom   2Cl   basis set group =>   1
Atom   3Cl   basis set group =>   1
Atom   4Cl   basis set group =>   1
Atom   5C    basis set group =>   3
Atom   6C    basis set group =>   3
Atom   7N    basis set group =>   4
Atom   8C    basis set group =>   3
Atom   9C    basis set group =>   3
Atom  10O    basis set group =>   5
Atom  11C    basis set group =>   3
Atom  12C    basis set group =>   3
Atom  13N    basis set group =>   4
Atom  14C    basis set group =>   3
Atom  15C    basis set group =>   3
Atom  16O    basis set group =>   5
Atom  17H    basis set group =>   6
Atom  18H    basis set group =>   6
Atom  19H    basis set group =>   6
Atom  20H    basis set group =>   6
Atom  21H    basis set group =>   6
Atom  22H    basis set group =>   6
Atom  23H    basis set group =>   6
Atom  24H    basis set group =>   6
Atom  25H    basis set group =>   6
Atom  26H    basis set group =>   6
Atom  27H    basis set group =>   6
Atom  28H    basis set group =>   6
Atom  29H    basis set group =>   6
Atom  30H    basis set group =>   6
Atom  31H    basis set group =>   6
Atom  32H    basis set group =>   6
Atom  33H    basis set group =>   6
Atom  34H    basis set group =>   6
-------------------------
ECP PARAMETER INFORMATION
-------------------------

 Group 1, Type Sn ECP Def2-ECP (replacing 28 core electrons, lmax=3)

Atom   1Sn   ECP group =>   1

------------------------------------------------------------------------------
                           ORCA GTO INTEGRAL CALCULATION
------------------------------------------------------------------------------
------------------------------------------------------------------------------
                   ___                                                        
                  /   \      - P O W E R E D   B Y -                         
                 /     \                                                     
                 |  |  |   _    _      __       _____    __    __             
                 |  |  |  | |  | |    /  \     |  _  \  |  |  /  |          
                  \  \/   | |  | |   /    \    | | | |  |  | /  /          
                 / \  \   | |__| |  /  /\  \   | |_| |  |  |/  /          
                |  |  |   |  __  | /  /__\  \  |    /   |      \           
                |  |  |   | |  | | |   __   |  |    \   |  |\   \          
                \     /   | |  | | |  |  |  |  | |\  \  |  | \   \       
                 \___/    |_|  |_| |__|  |__|  |_| \__\ |__|  \__/        
                                                                              
                      - O R C A' S   B I G   F R I E N D -                    
                                      &                                       
                       - I N T E G R A L  F E E D E R -                       
                                                                              
 v1 FN, 2020, v2 2021                                                         
------------------------------------------------------------------------------


Reading SHARK input file START_a007_b027.SHARKINP.tmp ... ok
----------------------
SHARK INTEGRAL PACKAGE
----------------------

Number of atoms                             ...     35
Number of basis functions                   ...    356
Number of shells                            ...    168
Maximum angular momentum                    ...      2
Integral batch strategy                     ... SHARK/LIBINT Hybrid
RI-J (if used) integral strategy            ... SPLIT-RIJ (Revised 2003 algorithm where possible)
Printlevel                                  ...      1
Contraction scheme used                     ... SEGMENTED contraction
Coulomb Range Separation                    ... NOT USED
Exchange Range Separation                   ... NOT USED
Finite Nucleus Model                        ... NOT USED
Auxiliary Coulomb fitting basis             ... NOT available
Auxiliary J/K fitting basis                 ... NOT available
Auxiliary Correlation fitting basis         ... NOT available
Auxiliary 'external' fitting basis          ... NOT available
Integral threshold                          ...     1.000000e-10
Primitive cut-off                           ...     1.000000e-11
Primitive pair pre-selection threshold      ...     1.000000e-11

Calculating pre-screening integrals         ... done (  0.1 sec) Dimension = 168
Organizing shell pair data                  ... done (  0.1 sec)
Shell pair information
Total number of shell pairs                 ...     14196
Shell pairs after pre-screening             ...     10141
Total number of primitive shell pairs       ...     54619
Primitive shell pairs kept                  ...     24598
          la=0 lb=0:   3162 shell pairs
          la=1 lb=0:   3820 shell pairs
          la=1 lb=1:   1186 shell pairs
          la=2 lb=0:   1158 shell pairs
          la=2 lb=1:    699 shell pairs
          la=2 lb=2:    116 shell pairs

Calculating one electron integrals          ... done (  0.1 sec)
Calculating ECP integrals                   ... done (  0.3 sec)
Calculating Nuclear repulsion               ... done (  0.0 sec) ENN=   2401.836915466186 Eh

SHARK setup successfully completed in   0.7 seconds

Maximum memory used throughout the entire GTOINT-calculation: 69.9 MB
-------------------------------------------------------------------------------
                                 ORCA SCF
-------------------------------------------------------------------------------

------------
SCF SETTINGS
------------
Hamiltonian:
 Ab initio Hamiltonian  Method          .... Hartree-Fock(GTOs)


General Settings:
 Integral files         IntName         .... START_a007_b027
 Hartree-Fock type      HFTyp           .... RHF
 Total Charge           Charge          ....    0
 Multiplicity           Mult            ....    1
 Number of Electrons    NEL             ....  186
 Basis Dimension        Dim             ....  356
 Nuclear Repulsion      ENuc            ....   2401.8369154662 Eh

Convergence Acceleration:
 DIIS                   CNVDIIS         .... on
   Start iteration      DIISMaxIt       ....    12
   Startup error        DIISStart       ....  0.200000
   # of expansion vecs  DIISMaxEq       ....     5
   Bias factor          DIISBfac        ....   1.050
   Max. coefficient     DIISMaxC        ....  10.000
 Trust-Rad. Augm. Hess. CNVTRAH         .... auto
   Auto Start mean grad. ratio tolernc. ....  1.125000
   Auto Start start iteration           ....    20
   Auto Start num. interpolation iter.  ....    10
   Max. Number of Micro iterations      ....    16
   Max. Number of Macro iterations      .... Maxiter - #DIIS iter
   Number of Davidson start vectors     ....     2
   Converg. threshold I  (grad. norm)   ....   5.000e-05
   Converg. threshold II (energy diff.) ....   1.000e-06
   Grad. Scal. Fac. for Micro threshold ....   0.100
   Minimum threshold for Micro iter.    ....   0.010
   NR start threshold (gradient norm)   ....   0.001
   Initial trust radius                 ....   0.400
   Minimum AH scaling param. (alpha)    ....   1.000
   Maximum AH scaling param. (alpha)    .... 1000.000
   Orbital update algorithm             .... Taylor
   White noise on init. David. guess    .... on
   Maximum white noise                  ....   0.010
   Quad. conv. algorithm                .... NR
 SOSCF                  CNVSOSCF        .... on
   Start iteration      SOSCFMaxIt      ....   150
   Startup grad/error   SOSCFStart      ....  0.003300
 Level Shifting         CNVShift        .... on
   Level shift para.    LevelShift      ....    0.2500
   Turn off err/grad.   ShiftErr        ....    0.0010
 Zerner damping         CNVZerner       .... off
 Static damping         CNVDamp         .... on
   Fraction old density DampFac         ....    0.7000
   Max. Damping (<1)    DampMax         ....    0.9800
   Min. Damping (>=0)   DampMin         ....    0.0000
   Turn off err/grad.   DampErr         ....    0.1000
 Fernandez-Rico         CNVRico         .... off

SCF Procedure:
 Maximum # iterations   MaxIter         ....    10
 SCF integral mode      SCFMode         .... Direct
   Integral package                     .... SHARK and LIBINT hybrid scheme
 Reset frequency        DirectResetFreq ....    20
 Integral Threshold     Thresh          ....  1.000e-10 Eh
 Primitive CutOff       TCut            ....  1.000e-11 Eh

Convergence Tolerance:
 Convergence Check Mode ConvCheckMode   .... Total+1el-Energy
 Convergence forced     ConvForced      .... 0
 Energy Change          TolE            ....  1.000e-06 Eh
 1-El. energy change                    ....  1.000e-03 Eh
 Orbital Gradient       TolG            ....  5.000e-05
 Orbital Rotation angle TolX            ....  5.000e-05
 DIIS Error             TolErr          ....  1.000e-06


Diagonalization of the overlap matrix:
Smallest eigenvalue                        ... 2.483e-03
Time for diagonalization                   ...    0.017 sec
Threshold for overlap eigenvalues          ... 1.000e-08
Number of eigenvalues below threshold      ... 0
Time for construction of square roots      ...    0.005 sec
Total time needed                          ...    0.022 sec

Time for model grid setup =    0.803 sec

------------------------------
INITIAL GUESS: MODEL POTENTIAL
------------------------------
Loading Hartree-Fock densities                     ... done
  calling /opt/bwhpc/common/chem/orca/5.0.2_static/orca START_a007_b027_atom50.inp > START_a007_b027_atom50.out in order to generate an atomic fitting density for atom 1 (Sn with ECP) on-the-fly... 
    atom 1 (Sn), assumed electronic state with S=3: 1s2 2s2 2p6 3s2 3p6 4s2 3d10 4p6 5s2 4d10 5p2           ... done
Calculating cut-offs                               ... done
Initializing the effective Hamiltonian             ... done
Setting up the integral package (SHARK)            ... done
Starting the Coulomb interaction                   ... done (   1.3 sec)
Reading the grid                                   ... done
Mapping shells                                     ... done
Starting the XC term evaluation                    ... done (   0.4 sec)
Transforming the Hamiltonian                       ... done (   0.0 sec)
Diagonalizing the Hamiltonian                      ... done (   0.0 sec)
Back transforming the eigenvectors                 ... done (   0.0 sec)
Now organizing SCF variables                       ... done
                      ------------------
                      INITIAL GUESS DONE (   3.0 sec)
                      ------------------

 Error  (ORCA_SCF): Not enough memory available!
                    Memory available for SCF calculation:           20 MB
                    Memory needed (estimated)           :          247 MB
       ====>        Please increase MaxCore to more than:          247 MB


Error (ORCA_SCF): ... aborting the run

ORCA finished by error termination in SCF
Calling Command: /opt/bwhpc/common/chem/orca/5.0.2_static/orca_scf START_a007_b027.gbw b 
[file orca_tools/qcmsg.cpp, line 465]: 
  .... aborting the run

[file orca_tools/qcmsg.cpp, line 465]: 
  .... aborting the run

