 
### Setting up shell environment and defaults for environment vars ...
 
 
### Printing basic job infos to stdout ...
 
START_TIME             = 24-03-07 13:47:32 1709815652
HOSTNAME               = n0614
USER                   = hd_uo452
SLURM_JOB_NAME         = sp_config_START_a004_b007
SLURM_JOB_ID           = 12289580
SLURM_SUBMIT_DIR       = /lustre/work/ws/ws1/hd_uo452-ac_forschi/AC-Forschi
SLURM_JOB_NUM_NODES    = 1
SLURM_CPUS_ON_NODE     = 1
SLURM_NTASKS           = 1
SLURM_JOB_NODELIST     = n0614
---------------- ulimit -a -S ----------------
core file size          (blocks, -c) 0
data seg size           (kbytes, -d) unlimited
scheduling priority             (-e) 0
file size               (blocks, -f) unlimited
pending signals                 (-i) 761149
max locked memory       (kbytes, -l) unlimited
max memory size         (kbytes, -m) 512000
open files                      (-n) 4096
pipe size            (512 bytes, -p) 8
POSIX message queues     (bytes, -q) 819200
real-time priority              (-r) 0
stack size              (kbytes, -s) 200000
cpu time               (seconds, -t) unlimited
max user processes              (-u) 16384
virtual memory          (kbytes, -v) unlimited
file locks                      (-x) unlimited
---------------- ulimit -a -H ----------------
core file size          (blocks, -c) unlimited
data seg size           (kbytes, -d) unlimited
scheduling priority             (-e) 0
file size               (blocks, -f) unlimited
pending signals                 (-i) 761149
max locked memory       (kbytes, -l) unlimited
max memory size         (kbytes, -m) 512000
open files                      (-n) 131072
pipe size            (512 bytes, -p) 8
POSIX message queues     (bytes, -q) 819200
real-time priority              (-r) 0
stack size              (kbytes, -s) 200000
cpu time               (seconds, -t) unlimited
max user processes              (-u) 761149
virtual memory          (kbytes, -v) unlimited
file locks                      (-x) unlimited
----------------------------------------------
 
### Creating TMP_WORK_DIR directory and changing to it ...
 
TMP_BASE_DIR           = /tmp/hd_uo452.12289580
JOB_WORK_DIR           = sp_config_START_a004_b007.12289580.240307_134732
TMP_WORK_DIR           = /tmp/hd_uo452.12289580/sp_config_START_a004_b007.12289580.240307_134732
mkdir: created directory '/tmp/hd_uo452.12289580/sp_config_START_a004_b007.12289580.240307_134732'
 
### Loading software module:
 

Note: the module "chem/orca" cannot be unloaded because it was not loaded.


	 Module chem/orca/5.0.2 has been loaded

	 Activated primary packages:
		 ORCA version 5.0.2

	 Activated secondary packages:
		 OpenMPI version 4.0
		 Intel Compiler version 19.1.2

	 WARNING: This module is provisional! It can be erased/modified/exchanged any
time in near future.


Currently Loaded Modules:
  1) devel/python/3.11.4     3) mpi/openmpi/4.0
  2) compiler/intel/19.1.2   4) chem/orca/5.0.2

 

 
### Display internal Orca environments...
 
ORCA_BIN_DIR  = /opt/bwhpc/common/chem/orca/5.0.2_static
ORCA_EXA_DIR  = /opt/bwhpc/common/chem/orca/5.0.2_static/bwhpc-examples
ORCA_VERSION  = 5.0.2

 
### Copying input files to TMP_WORK_DIR.
 
'/lustre/work/ws/ws1/hd_uo452-ac_forschi/AC-Forschi/script_maker2000/tests/tests_dir/tmpvaso20uk/example_xyz_output/sp_config/input/START_a004_b007/START_a004_b007.inp' -> '/tmp/hd_uo452.12289580/sp_config_START_a004_b007.12289580.240307_134732/START_a004_b007.inp'
 
### Running application ...
 

### backup function called.
###Checkpointing ... at Thu Mar  7 13:48:00 CET 2024

mkdir: created directory '/lustre/work/ws/ws1/hd_uo452-ac_forschi/AC-Forschi/script_maker2000/tests/tests_dir/tmpvaso20uk/example_xyz_output/sp_config/output/START_a004_b007/backup_results'
Creating tgz-file '/lustre/work/ws/ws1/hd_uo452-ac_forschi/AC-Forschi/script_maker2000/tests/tests_dir/tmpvaso20uk/example_xyz_output/sp_config/input/START_a004_b007/backup_results_12289580.tgz' ...
START_a004_b007.E.tmp
START_a004_b007.EIJ.tmp
START_a004_b007.H.tmp
START_a004_b007.K.tmp
START_a004_b007.PDAT.tmp
START_a004_b007.S.tmp
START_a004_b007.SHARK.K.tmp
START_a004_b007.SHARKINP.tmp
START_a004_b007.SM12.tmp
START_a004_b007.SP12.tmp
START_a004_b007.SQRTVEXT.tmp
START_a004_b007.T.tmp
START_a004_b007.V.tmp
START_a004_b007.VEXT.tmp
START_a004_b007.VM1EXT.tmp
START_a004_b007.diis.tmp
START_a004_b007.gbw
START_a004_b007.inp
START_a004_b007.int.tmp
START_a004_b007.xyz
START_a004_b007_property.txt

### backup function finished at Thu Mar  7 13:48:01 CET 2024

slurmstepd: error: *** JOB 12289580 ON n0614 CANCELLED AT 2024-03-07T13:50:00 DUE TO TIME LIMIT ***

======================== JOB EFFICIENCY REPORT ========================
Job ID: 12289580
Cluster: justus2
User/Group: hd_uo452/hd_hd
State: TIMEOUT (exit code 0)
Cores: 1
CPU Utilized: 00:00:03
CPU Efficiency: 2.00% of 00:02:30 core-walltime
Job Wall-clock time: 00:02:30
Memory Utilized: 203.18 MB
Memory Efficiency: 40.64% of 500.00 MB
